
[1m[46m RUN [49m[22m [36mv4.0.15 [39m[90mD:/www/cost-of-retreival-reducer[39m

[90mstdout[2m | services/__tests__/firecrawlService.test.ts[2m > [22m[2mfirecrawlService[2m > [22m[2mextractPageWithFirecrawl[2m > [22m[2mretries on 5xx errors
[22m[39m[Firecrawl] Extracting: https://example.com

 [31mÔØ»[39m services/ai/contentGeneration/rulesEngine/validators/__tests__/readabilityValidator.test.ts [2m([22m[2m27 tests[22m[2m | [22m[31m3 failed[39m[2m)[22m[32m 12[2mms[22m[39m
[31m       [31m├ù[31m should count syllables in simple words correctly[39m[32m 5[2mms[22m[39m
[31m       [31m├ù[31m should handle words ending in silent e[39m[32m 1[2mms[22m[39m
[31m       [31m├ù[31m should handle words with consecutive vowels[39m[32m 1[2mms[22m[39m
       [32mÔ£ô[39m should handle words ending in -le[32m 0[2mms[22m[39m
       [32mÔ£ô[39m should return at least 1 syllable for any word[32m 0[2mms[22m[39m
       [32mÔ£ô[39m should handle empty strings[32m 0[2mms[22m[39m
       [32mÔ£ô[39m should count sentences correctly[32m 0[2mms[22m[39m
       [32mÔ£ô[39m should handle abbreviations and special cases[32m 0[2mms[22m[39m
       [32mÔ£ô[39m should handle content with no sentence-ending punctuation[32m 0[2mms[22m[39m
       [32mÔ£ô[39m should calculate grade level for simple content[32m 1[2mms[22m[39m
       [32mÔ£ô[39m should calculate grade level for complex content[32m 0[2mms[22m[39m
       [32mÔ£ô[39m should return word count, sentence count, and syllable count[32m 0[2mms[22m[39m
       [32mÔ£ô[39m should handle edge case with very short content[32m 0[2mms[22m[39m
       [32mÔ£ô[39m should pass when readability matches general audience (grade 6-8)[32m 0[2mms[22m[39m
       [32mÔ£ô[39m should fail when content is too complex for general audience[32m 0[2mms[22m[39m
       [32mÔ£ô[39m should fail when content is too simple for technical audience[32m 0[2mms[22m[39m
       [32mÔ£ô[39m should pass for professional audience with grade 10-12 content[32m 0[2mms[22m[39m
       [32mÔ£ô[39m should pass for academic audience with grade 14+ content[32m 0[2mms[22m[39m
       [32mÔ£ô[39m should default to general audience when no audience level specified[32m 0[2mms[22m[39m
       [32mÔ£ô[39m should have correct grade ranges for general audience[32m 0[2mms[22m[39m
       [32mÔ£ô[39m should have correct grade ranges for professional audience[32m 0[2mms[22m[39m
       [32mÔ£ô[39m should have correct grade ranges for technical audience[32m 0[2mms[22m[39m
       [32mÔ£ô[39m should have correct grade ranges for academic audience[32m 0[2mms[22m[39m
       [32mÔ£ô[39m should handle HTML content by stripping tags[32m 0[2mms[22m[39m
       [32mÔ£ô[39m should handle markdown content[32m 0[2mms[22m[39m
       [32mÔ£ô[39m should handle empty content gracefully[32m 0[2mms[22m[39m
       [32mÔ£ô[39m should handle content with only whitespace[32m 0[2mms[22m[39m
 [31mÔØ»[39m services/ai/contentGeneration/rulesEngine/validators/__tests__/eavDensity.test.ts [2m([22m[2m3 tests[22m[2m | [22m[31m1 failed[39m[2m)[22m[32m 5[2mms[22m[39m
     [32mÔ£ô[39m should pass sentences with Entity-Attribute-Value[32m 2[2mms[22m[39m
     [32mÔ£ô[39m should flag sentences without clear EAV structure[32m 0[2mms[22m[39m
[31m     [31m├ù[31m should provide EAV density score[39m[32m 2[2mms[22m[39m
 [32mÔ£ô[39m services/__tests__/templateABTestService.test.ts [2m([22m[2m13 tests[22m[2m)[22m[32m 16[2mms[22m[39m
[90mstdout[2m | services/__tests__/firecrawlService.test.ts[2m > [22m[2mfirecrawlService[2m > [22m[2mextractPageWithFirecrawl[2m > [22m[2mretries on 5xx errors
[22m[39m[Firecrawl] Extracting: https://example.com

[90mstdout[2m | services/__tests__/firecrawlService.test.ts[2m > [22m[2mfirecrawlService[2m > [22m[2mextractPageWithFirecrawl[2m > [22m[2mretries on 5xx errors
[22m[39m[Firecrawl] Extracted: https://example.com - Status: [33m200[39m

 [32mÔ£ô[39m services/ai/contentGeneration/rulesEngine/__tests__/ruleRegistry.test.ts [2m([22m[2m14 tests[22m[2m)[22m[32m 23[2mms[22m[39m
 [32mÔ£ô[39m services/aiResponseSanitizer.test.ts [2m([22m[2m42 tests[22m[2m)[22m[32m 15[2mms[22m[39m
[90mstdout[2m | services/__tests__/firecrawlService.test.ts[2m > [22m[2mfirecrawlService[2m > [22m[2mextractPageWithFirecrawl[2m > [22m[2mthrows after max retries
[22m[39m[Firecrawl] Extracting: https://example.com

 [32mÔ£ô[39m services/ai/contentGeneration/rulesEngine/validators/__tests__/tableStructureValidator.test.ts [2m([22m[2m42 tests[22m[2m)[22m[32m 12[2mms[22m[39m
 [32mÔ£ô[39m services/ai/contentGeneration/tracking/__tests__/passTracker.test.ts [2m([22m[2m18 tests[22m[2m)[22m[32m 14[2mms[22m[39m
[90mstdout[2m | services/__tests__/firecrawlService.test.ts[2m > [22m[2mfirecrawlService[2m > [22m[2mextractPageWithFirecrawl[2m > [22m[2mthrows after max retries
[22m[39m[Firecrawl] Extracting: https://example.com

 [32mÔ£ô[39m config/__tests__/websiteTypeTemplates.test.ts [2m([22m[2m176 tests[22m[2m)[22m[32m 32[2mms[22m[39m
 [32mÔ£ô[39m services/__tests__/firecrawlService.test.ts [2m([22m[2m2 tests[22m[2m)[22m[32m 227[2mms[22m[39m
 [31mÔØ»[39m components/ui/Button.test.tsx [2m([22m[2m11 tests[22m[2m | [22m[31m3 failed[39m[2m)[22m[32m 195[2mms[22m[39m
     [32mÔ£ô[39m renders children correctly[32m 16[2mms[22m[39m
     [32mÔ£ô[39m calls onClick handler when clicked[32m 95[2mms[22m[39m
     [32mÔ£ô[39m does not call onClick when disabled[32m 53[2mms[22m[39m
     [32mÔ£ô[39m applies disabled styling when disabled[32m 6[2mms[22m[39m
     [32mÔ£ô[39m renders primary variant by default[32m 3[2mms[22m[39m
     [32mÔ£ô[39m renders secondary variant correctly[32m 2[2mms[22m[39m
[31m     [31m├ù[31m renders medium size by default[39m[32m 6[2mms[22m[39m
[31m     [31m├ù[31m renders small size correctly[39m[32m 3[2mms[22m[39m
[31m     [31m├ù[31m renders large size correctly[39m[32m 3[2mms[22m[39m
     [32mÔ£ô[39m merges custom className with base classes[32m 2[2mms[22m[39m
     [32mÔ£ô[39m passes through HTML button attributes[32m 4[2mms[22m[39m
 [32mÔ£ô[39m services/publishing/architect/__tests__/contextAssembler.test.ts [2m([22m[2m9 tests[22m[2m)[22m[32m 17[2mms[22m[39m
 [32mÔ£ô[39m components/modals/__tests__/ConflictResolutionModal.test.tsx [2m([22m[2m5 tests[22m[2m)[22m[32m 141[2mms[22m[39m
 [32mÔ£ô[39m components/__tests__/ContentGenerationSettingsPanel.test.tsx [2m([22m[2m4 tests[22m[2m)[22m[32m 110[2mms[22m[39m
 [32mÔ£ô[39m components/ui/__tests__/PrioritySlider.test.tsx [2m([22m[2m3 tests[22m[2m)[22m[32m 191[2mms[22m[39m
 [32mÔ£ô[39m components/analytics/__tests__/TemplatePerformanceDashboard.test.tsx [2m([22m[2m5 tests[22m[2m)[22m[32m 169[2mms[22m[39m
 [32mÔ£ô[39m components/ui/NotificationBanner.test.tsx [2m([22m[2m8 tests[22m[2m)[22m[32m 245[2mms[22m[39m
 [32mÔ£ô[39m services/navigationService.test.ts [2m([22m[2m49 tests[22m[2m)[22m[32m 18[2mms[22m[39m
 [32mÔ£ô[39m state/appState.test.ts [2m([22m[2m97 tests[22m[2m)[22m[32m 17[2mms[22m[39m
 [32mÔ£ô[39m services/ai/linkingAudit.sitewide.test.ts [2m([22m[2m37 tests[22m[2m)[22m[32m 21[2mms[22m[39m
 [32mÔ£ô[39m components/ui/Input.test.tsx [2m([22m[2m10 tests[22m[2m)[22m[33m 465[2mms[22m[39m
 [32mÔ£ô[39m components/modals/__tests__/DepthSelectionModal.test.tsx [2m([22m[2m5 tests[22m[2m)[22m[33m 456[2mms[22m[39m
     [33m[2mÔ£ô[22m[39m should call onSelect with chosen depth mode [33m 325[2mms[22m[39m
 [31mÔØ»[39m components/ui/ConfirmationModal.test.tsx [2m([22m[2m14 tests[22m[2m | [22m[31m3 failed[39m[2m)[22m[33m 496[2mms[22m[39m
[31m     [31m├ù[31m renders when isOpen is true[39m[32m 44[2mms[22m[39m
     [32mÔ£ô[39m does not render when isOpen is false[32m 3[2mms[22m[39m
     [32mÔ£ô[39m calls onConfirm when Confirm button is clicked[32m 241[2mms[22m[39m
     [32mÔ£ô[39m calls onClose when Cancel button is clicked[32m 46[2mms[22m[39m
     [32mÔ£ô[39m calls onClose when backdrop is clicked[32m 55[2mms[22m[39m
[31m     [31m├ù[31m does not call onClose when modal content is clicked[39m[32m 5[2mms[22m[39m
     [32mÔ£ô[39m renders with custom title[32m 13[2mms[22m[39m
[31m     [31m├ù[31m renders with custom message[39m[32m 8[2mms[22m[39m
     [32mÔ£ô[39m renders with ReactNode message[32m 9[2mms[22m[39m
     [32mÔ£ô[39m displays warning icon[32m 6[2mms[22m[39m
     [32mÔ£ô[39m has correct button styling[32m 7[2mms[22m[39m
     [32mÔ£ô[39m has proper modal overlay styling[32m 6[2mms[22m[39m
     [32mÔ£ô[39m renders both action buttons[32m 4[2mms[22m[39m
     [32mÔ£ô[39m prevents event propagation from modal card to backdrop[32m 48[2mms[22m[39m
 [32mÔ£ô[39m components/modals/__tests__/TemplateSelectionModal.test.tsx [2m([22m[2m6 tests[22m[2m)[22m[33m 650[2mms[22m[39m
 [32mÔ£ô[39m components/generation/__tests__/TemplateConfirmationFlow.test.tsx [2m([22m[2m5 tests[22m[2m)[22m[33m 591[2mms[22m[39m
     [33m[2mÔ£ô[22m[39m should call onClose when cancelled [33m 347[2mms[22m[39m
 [32mÔ£ô[39m components/__tests__/PassControlPanel.test.tsx [2m([22m[2m7 tests[22m[2m)[22m[33m 781[2mms[22m[39m
[90mstdout[2m | services/ai/contentGeneration/passes/auditChecks.test.ts[2m > [22m[2mrunAlgorithmicAudit[2m > [22m[2mreturns array of audit results
[22m[39m[Audit] Starting audit of 73 chars...
[Audit] Pre-computed 1 sentences: 2ms
[Audit] 1/30 Modality: 2ms
[Audit] 2/30 StopWords: 2ms
[Audit] 3/30 SubjectPos: 2ms
[Audit] 4/30 HeadingHier: 3ms

[90mstdout[2m | services/ai/contentGeneration/passes/auditChecks.test.ts[2m > [22m[2mrunAlgorithmicAudit[2m > [22m[2mreturns array of audit results
[22m[39m[Audit] 5/30 GenericHead: 3ms
[Audit] 6/30 PassiveVoice: 4ms
[Audit] 7/30 HeadingEntity: 4ms
[Audit] 8/30 FutureTense: 4ms
[Audit] 9/30 StopWordDens: 5ms

[90mstdout[2m | services/ai/contentGeneration/passes/auditChecks.test.ts[2m > [22m[2mrunAlgorithmicAudit[2m > [22m[2mreturns array of audit results
[22m[39m[Audit] 10/30 ListCount: 6ms
[Audit] 11/30 PronounDens: 6ms
[Audit] 12/30 LinkPos: 6ms
[Audit] 13/30 FirstSent: 6ms
[Audit] 14/30 Centerpiece: 7ms

[90mstdout[2m | services/ai/contentGeneration/passes/auditChecks.test.ts[2m > [22m[2mrunAlgorithmicAudit[2m > [22m[2mreturns array of audit results
[22m[39m[Audit] 15/30 Repetitive: 7ms
[Audit] 16/30 LLMPhrases: 7ms
[Audit] 17/30 PredConsis: 7ms
[Audit] 18/30 Coverage: 7ms
[Audit] 19/30 Vocabulary: 7ms

[90mstdout[2m | services/ai/contentGeneration/passes/auditChecks.test.ts[2m > [22m[2mrunAlgorithmicAudit[2m > [22m[2mreturns array of audit results
[22m[39m[Audit] 20/30 MacroMicro: 8ms
[Audit] 21/30 ExtractSum: 8ms
[Audit] 22/30 QueryFormat: 9ms

[90mstdout[2m | services/ai/contentGeneration/passes/auditChecks.test.ts[2m > [22m[2mrunAlgorithmicAudit[2m > [22m[2mreturns array of audit results
[22m[39m[Audit] 23/30 AnchorVar: 9ms
[Audit] 24/30 AnnotQual: 9ms
[Audit] 25/30 SuppLink: 9ms
[Audit] 26/30 ProseBalance: 9ms
[Audit] 27/30 ListDefSent: 10ms

[90mstdout[2m | services/ai/contentGeneration/passes/auditChecks.test.ts[2m > [22m[2mrunAlgorithmicAudit[2m > [22m[2mreturns array of audit results
[22m[39m[Audit] 28/30 TableApprop: 10ms
[Audit] 29/30 ImagePlace: 10ms
[Audit] 30/30 SentLength: 10ms

[90mstdout[2m | services/ai/contentGeneration/passes/auditChecks.test.ts[2m > [22m[2mrunAlgorithmicAudit[2m > [22m[2mreturns array of audit results
[22m[39m[Audit] 31/30 EAVDensity: 11ms
[Audit] 32/30 IntLinkIns: 11ms

[90mstdout[2m | services/ai/contentGeneration/passes/auditChecks.test.ts[2m > [22m[2mrunAlgorithmicAudit[2m > [22m[2mreturns array of audit results
[22m[39m[Audit] 33/30 TemplFormat: 11ms
[Audit] 34/30 TemplCover: 11ms
[Audit] COMPLETE: 11ms total for 35 checks

[90mstdout[2m | services/ai/contentGeneration/passes/auditChecks.test.ts[2m > [22m[2mcheckLLMSignaturePhrases[2m > [22m[2mfails when draft contains LLM signature phrases
[22m[39m[Audit] Starting audit of 177 chars...
[Audit] Pre-computed 3 sentences: 0ms
[Audit] 1/30 Modality: 0ms
[Audit] 2/30 StopWords: 1ms
[Audit] 3/30 SubjectPos: 1ms
[Audit] 4/30 HeadingHier: 1ms

[90mstdout[2m | services/ai/contentGeneration/passes/auditChecks.test.ts[2m > [22m[2mcheckLLMSignaturePhrases[2m > [22m[2mfails when draft contains LLM signature phrases
[22m[39m[Audit] 5/30 GenericHead: 1ms
[Audit] 6/30 PassiveVoice: 1ms
[Audit] 7/30 HeadingEntity: 1ms
[Audit] 8/30 FutureTense: 1ms
[Audit] 9/30 StopWordDens: 2ms

[90mstdout[2m | services/ai/contentGeneration/passes/auditChecks.test.ts[2m > [22m[2mcheckLLMSignaturePhrases[2m > [22m[2mfails when draft contains LLM signature phrases
[22m[39m[Audit] 10/30 ListCount: 2ms
[Audit] 11/30 PronounDens: 2ms
[Audit] 12/30 LinkPos: 2ms
[Audit] 13/30 FirstSent: 2ms
[Audit] 14/30 Centerpiece: 2ms

[90mstdout[2m | services/ai/contentGeneration/passes/auditChecks.test.ts[2m > [22m[2mcheckLLMSignaturePhrases[2m > [22m[2mfails when draft contains LLM signature phrases
[22m[39m[Audit] 15/30 Repetitive: 2ms
[Audit] 16/30 LLMPhrases: 2ms
[Audit] 17/30 PredConsis: 2ms
[Audit] 18/30 Coverage: 2ms
[Audit] 19/30 Vocabulary: 2ms

[90mstdout[2m | services/ai/contentGeneration/passes/auditChecks.test.ts[2m > [22m[2mcheckLLMSignaturePhrases[2m > [22m[2mfails when draft contains LLM signature phrases
[22m[39m[Audit] 20/30 MacroMicro: 3ms
[Audit] 21/30 ExtractSum: 3ms
[Audit] 22/30 QueryFormat: 3ms

[90mstdout[2m | services/ai/contentGeneration/passes/auditChecks.test.ts[2m > [22m[2mcheckLLMSignaturePhrases[2m > [22m[2mfails when draft contains LLM signature phrases
[22m[39m[Audit] 23/30 AnchorVar: 3ms
[Audit] 24/30 AnnotQual: 3ms
[Audit] 25/30 SuppLink: 3ms
[Audit] 26/30 ProseBalance: 3ms
[Audit] 27/30 ListDefSent: 3ms

[90mstdout[2m | services/ai/contentGeneration/passes/auditChecks.test.ts[2m > [22m[2mcheckLLMSignaturePhrases[2m > [22m[2mfails when draft contains LLM signature phrases
[22m[39m[Audit] 28/30 TableApprop: 3ms
[Audit] 29/30 ImagePlace: 3ms
[Audit] 30/30 SentLength: 3ms

[90mstdout[2m | services/ai/contentGeneration/passes/auditChecks.test.ts[2m > [22m[2mcheckLLMSignaturePhrases[2m > [22m[2mfails when draft contains LLM signature phrases
[22m[39m[Audit] 31/30 EAVDensity: 4ms
[Audit] 32/30 IntLinkIns: 4ms

[90mstdout[2m | services/ai/contentGeneration/passes/auditChecks.test.ts[2m > [22m[2mcheckLLMSignaturePhrases[2m > [22m[2mfails when draft contains LLM signature phrases
[22m[39m[Audit] 33/30 TemplFormat: 4ms
[Audit] 34/30 TemplCover: 4ms
[Audit] COMPLETE: 4ms total for 35 checks

[90mstdout[2m | services/ai/contentGeneration/passes/auditChecks.test.ts[2m > [22m[2mcheckLLMSignaturePhrases[2m > [22m[2mpasses when draft has no LLM signature phrases
[22m[39m[Audit] Starting audit of 156 chars...
[Audit] Pre-computed 3 sentences: 0ms
[Audit] 1/30 Modality: 0ms
[Audit] 2/30 StopWords: 0ms
[Audit] 3/30 SubjectPos: 0ms
[Audit] 4/30 HeadingHier: 0ms

[90mstdout[2m | services/ai/contentGeneration/passes/auditChecks.test.ts[2m > [22m[2mcheckLLMSignaturePhrases[2m > [22m[2mpasses when draft has no LLM signature phrases
[22m[39m[Audit] 5/30 GenericHead: 0ms
[Audit] 6/30 PassiveVoice: 0ms
[Audit] 7/30 HeadingEntity: 0ms
[Audit] 8/30 FutureTense: 0ms
[Audit] 9/30 StopWordDens: 0ms

[90mstdout[2m | services/ai/contentGeneration/passes/auditChecks.test.ts[2m > [22m[2mcheckLLMSignaturePhrases[2m > [22m[2mpasses when draft has no LLM signature phrases
[22m[39m[Audit] 10/30 ListCount: 0ms
[Audit] 11/30 PronounDens: 0ms
[Audit] 12/30 LinkPos: 1ms
[Audit] 13/30 FirstSent: 1ms
[Audit] 14/30 Centerpiece: 1ms

[90mstdout[2m | services/ai/contentGeneration/passes/auditChecks.test.ts[2m > [22m[2mcheckLLMSignaturePhrases[2m > [22m[2mpasses when draft has no LLM signature phrases
[22m[39m[Audit] 15/30 Repetitive: 1ms
[Audit] 16/30 LLMPhrases: 1ms
[Audit] 17/30 PredConsis: 1ms
[Audit] 18/30 Coverage: 1ms
[Audit] 19/30 Vocabulary: 1ms

[90mstdout[2m | services/ai/contentGeneration/passes/auditChecks.test.ts[2m > [22m[2mcheckLLMSignaturePhrases[2m > [22m[2mpasses when draft has no LLM signature phrases
[22m[39m[Audit] 20/30 MacroMicro: 1ms
[Audit] 21/30 ExtractSum: 1ms
[Audit] 22/30 QueryFormat: 1ms

[90mstdout[2m | services/ai/contentGeneration/passes/auditChecks.test.ts[2m > [22m[2mcheckLLMSignaturePhrases[2m > [22m[2mpasses when draft has no LLM signature phrases
[22m[39m[Audit] 23/30 AnchorVar: 1ms
[Audit] 24/30 AnnotQual: 1ms
[Audit] 25/30 SuppLink: 1ms
[Audit] 26/30 ProseBalance: 1ms
[Audit] 27/30 ListDefSent: 1ms

[90mstdout[2m | services/ai/contentGeneration/passes/auditChecks.test.ts[2m > [22m[2mcheckLLMSignaturePhrases[2m > [22m[2mpasses when draft has no LLM signature phrases
[22m[39m[Audit] 28/30 TableApprop: 1ms
[Audit] 29/30 ImagePlace: 1ms
[Audit] 30/30 SentLength: 1ms

[90mstdout[2m | services/ai/contentGeneration/passes/auditChecks.test.ts[2m > [22m[2mcheckLLMSignaturePhrases[2m > [22m[2mpasses when draft has no LLM signature phrases
[22m[39m[Audit] 31/30 EAVDensity: 1ms
[Audit] 32/30 IntLinkIns: 1ms

[90mstdout[2m | services/ai/contentGeneration/passes/auditChecks.test.ts[2m > [22m[2mcheckLLMSignaturePhrases[2m > [22m[2mpasses when draft has no LLM signature phrases
[22m[39m[Audit] 33/30 TemplFormat: 1ms
[Audit] 34/30 TemplCover: 1ms
[Audit] COMPLETE: 1ms total for 35 checks

[90mstdout[2m | services/ai/contentGeneration/passes/auditChecks.test.ts[2m > [22m[2mcheckPredicateConsistency[2m > [22m[2mfails when H1 uses negative predicates but H2s use positive
[22m[39m[Audit] Starting audit of 167 chars...
[Audit] Pre-computed 1 sentences: 0ms
[Audit] 1/30 Modality: 0ms
[Audit] 2/30 StopWords: 0ms
[Audit] 3/30 SubjectPos: 0ms
[Audit] 4/30 HeadingHier: 0ms

[90mstdout[2m | services/ai/contentGeneration/passes/auditChecks.test.ts[2m > [22m[2mcheckPredicateConsistency[2m > [22m[2mfails when H1 uses negative predicates but H2s use positive
[22m[39m[Audit] 5/30 GenericHead: 0ms
[Audit] 6/30 PassiveVoice: 0ms
[Audit] 7/30 HeadingEntity: 0ms
[Audit] 8/30 FutureTense: 0ms
[Audit] 9/30 StopWordDens: 0ms

[90mstdout[2m | services/ai/contentGeneration/passes/auditChecks.test.ts[2m > [22m[2mcheckPredicateConsistency[2m > [22m[2mfails when H1 uses negative predicates but H2s use positive
[22m[39m[Audit] 10/30 ListCount: 1ms
[Audit] 11/30 PronounDens: 1ms
[Audit] 12/30 LinkPos: 1ms
[Audit] 13/30 FirstSent: 1ms
[Audit] 14/30 Centerpiece: 1ms

[90mstdout[2m | services/ai/contentGeneration/passes/auditChecks.test.ts[2m > [22m[2mcheckPredicateConsistency[2m > [22m[2mfails when H1 uses negative predicates but H2s use positive
[22m[39m[Audit] 15/30 Repetitive: 1ms
[Audit] 16/30 LLMPhrases: 1ms
[Audit] 17/30 PredConsis: 1ms
[Audit] 18/30 Coverage: 1ms
[Audit] 19/30 Vocabulary: 1ms

[90mstdout[2m | services/ai/contentGeneration/passes/auditChecks.test.ts[2m > [22m[2mcheckPredicateConsistency[2m > [22m[2mfails when H1 uses negative predicates but H2s use positive
[22m[39m[Audit] 20/30 MacroMicro: 1ms
[Audit] 21/30 ExtractSum: 1ms
[Audit] 22/30 QueryFormat: 1ms

[90mstdout[2m | services/ai/contentGeneration/passes/auditChecks.test.ts[2m > [22m[2mcheckPredicateConsistency[2m > [22m[2mfails when H1 uses negative predicates but H2s use positive
[22m[39m[Audit] 23/30 AnchorVar: 1ms
[Audit] 24/30 AnnotQual: 1ms
[Audit] 25/30 SuppLink: 1ms
[Audit] 26/30 ProseBalance: 1ms
[Audit] 27/30 ListDefSent: 1ms

[90mstdout[2m | services/ai/contentGeneration/passes/auditChecks.test.ts[2m > [22m[2mcheckPredicateConsistency[2m > [22m[2mfails when H1 uses negative predicates but H2s use positive
[22m[39m[Audit] 28/30 TableApprop: 1ms
[Audit] 29/30 ImagePlace: 1ms
[Audit] 30/30 SentLength: 1ms

[90mstdout[2m | services/ai/contentGeneration/passes/auditChecks.test.ts[2m > [22m[2mcheckPredicateConsistency[2m > [22m[2mfails when H1 uses negative predicates but H2s use positive
[22m[39m[Audit] 31/30 EAVDensity: 1ms
[Audit] 32/30 IntLinkIns: 1ms

[90mstdout[2m | services/ai/contentGeneration/passes/auditChecks.test.ts[2m > [22m[2mcheckPredicateConsistency[2m > [22m[2mfails when H1 uses negative predicates but H2s use positive
[22m[39m[Audit] 33/30 TemplFormat: 1ms
[Audit] 34/30 TemplCover: 1ms
[Audit] COMPLETE: 1ms total for 35 checks

[90mstdout[2m | services/ai/contentGeneration/passes/auditChecks.test.ts[2m > [22m[2mcheckPredicateConsistency[2m > [22m[2mpasses when heading predicates are consistent
[22m[39m[Audit] Starting audit of 183 chars...
[Audit] Pre-computed 1 sentences: 0ms
[Audit] 1/30 Modality: 0ms
[Audit] 2/30 StopWords: 0ms
[Audit] 3/30 SubjectPos: 0ms
[Audit] 4/30 HeadingHier: 0ms

[90mstdout[2m | services/ai/contentGeneration/passes/auditChecks.test.ts[2m > [22m[2mcheckPredicateConsistency[2m > [22m[2mpasses when heading predicates are consistent
[22m[39m[Audit] 5/30 GenericHead: 0ms
[Audit] 6/30 PassiveVoice: 0ms
[Audit] 7/30 HeadingEntity: 0ms
[Audit] 8/30 FutureTense: 0ms
[Audit] 9/30 StopWordDens: 0ms

[90mstdout[2m | services/ai/contentGeneration/passes/auditChecks.test.ts[2m > [22m[2mcheckPredicateConsistency[2m > [22m[2mpasses when heading predicates are consistent
[22m[39m[Audit] 10/30 ListCount: 1ms
[Audit] 11/30 PronounDens: 1ms
[Audit] 12/30 LinkPos: 1ms
[Audit] 13/30 FirstSent: 1ms
[Audit] 14/30 Centerpiece: 1ms

[90mstdout[2m | services/ai/contentGeneration/passes/auditChecks.test.ts[2m > [22m[2mcheckPredicateConsistency[2m > [22m[2mpasses when heading predicates are consistent
[22m[39m[Audit] 15/30 Repetitive: 1ms
[Audit] 16/30 LLMPhrases: 1ms
[Audit] 17/30 PredConsis: 1ms
[Audit] 18/30 Coverage: 1ms
[Audit] 19/30 Vocabulary: 1ms

[90mstdout[2m | services/ai/contentGeneration/passes/auditChecks.test.ts[2m > [22m[2mcheckPredicateConsistency[2m > [22m[2mpasses when heading predicates are consistent
[22m[39m[Audit] 20/30 MacroMicro: 1ms
[Audit] 21/30 ExtractSum: 1ms
[Audit] 22/30 QueryFormat: 1ms

[90mstdout[2m | services/ai/contentGeneration/passes/auditChecks.test.ts[2m > [22m[2mcheckPredicateConsistency[2m > [22m[2mpasses when heading predicates are consistent
[22m[39m[Audit] 23/30 AnchorVar: 1ms
[Audit] 24/30 AnnotQual: 1ms
[Audit] 25/30 SuppLink: 1ms
[Audit] 26/30 ProseBalance: 1ms
[Audit] 27/30 ListDefSent: 1ms

[90mstdout[2m | services/ai/contentGeneration/passes/auditChecks.test.ts[2m > [22m[2mcheckPredicateConsistency[2m > [22m[2mpasses when heading predicates are consistent
[22m[39m[Audit] 28/30 TableApprop: 1ms
[Audit] 29/30 ImagePlace: 1ms
[Audit] 30/30 SentLength: 1ms

[90mstdout[2m | services/ai/contentGeneration/passes/auditChecks.test.ts[2m > [22m[2mcheckPredicateConsistency[2m > [22m[2mpasses when heading predicates are consistent
[22m[39m[Audit] 31/30 EAVDensity: 2ms
[Audit] 32/30 IntLinkIns: 2ms

[90mstdout[2m | services/ai/contentGeneration/passes/auditChecks.test.ts[2m > [22m[2mcheckPredicateConsistency[2m > [22m[2mpasses when heading predicates are consistent
[22m[39m[Audit] 33/30 TemplFormat: 2ms
[Audit] 34/30 TemplCover: 2ms
[Audit] COMPLETE: 2ms total for 35 checks

[90mstdout[2m | services/ai/contentGeneration/passes/auditChecks.test.ts[2m > [22m[2mcheckPredicateConsistency[2m > [22m[2mpasses for instructional content with how-to headings
[22m[39m[Audit] Starting audit of 163 chars...
[Audit] Pre-computed 1 sentences: 0ms
[Audit] 1/30 Modality: 0ms
[Audit] 2/30 StopWords: 0ms
[Audit] 3/30 SubjectPos: 0ms
[Audit] 4/30 HeadingHier: 0ms

[90mstdout[2m | services/ai/contentGeneration/passes/auditChecks.test.ts[2m > [22m[2mcheckPredicateConsistency[2m > [22m[2mpasses for instructional content with how-to headings
[22m[39m[Audit] 5/30 GenericHead: 0ms
[Audit] 6/30 PassiveVoice: 0ms
[Audit] 7/30 HeadingEntity: 0ms
[Audit] 8/30 FutureTense: 0ms
[Audit] 9/30 StopWordDens: 0ms

[90mstdout[2m | services/ai/contentGeneration/passes/auditChecks.test.ts[2m > [22m[2mcheckPredicateConsistency[2m > [22m[2mpasses for instructional content with how-to headings
[22m[39m[Audit] 10/30 ListCount: 0ms
[Audit] 11/30 PronounDens: 0ms
[Audit] 12/30 LinkPos: 0ms
[Audit] 13/30 FirstSent: 0ms
[Audit] 14/30 Centerpiece: 0ms

[90mstdout[2m | services/ai/contentGeneration/passes/auditChecks.test.ts[2m > [22m[2mcheckPredicateConsistency[2m > [22m[2mpasses for instructional content with how-to headings
[22m[39m[Audit] 15/30 Repetitive: 1ms
[Audit] 16/30 LLMPhrases: 1ms
[Audit] 17/30 PredConsis: 1ms
[Audit] 18/30 Coverage: 1ms
[Audit] 19/30 Vocabulary: 1ms

[90mstdout[2m | services/ai/contentGeneration/passes/auditChecks.test.ts[2m > [22m[2mcheckPredicateConsistency[2m > [22m[2mpasses for instructional content with how-to headings
[22m[39m[Audit] 20/30 MacroMicro: 1ms
[Audit] 21/30 ExtractSum: 1ms
[Audit] 22/30 QueryFormat: 1ms

[90mstdout[2m | services/ai/contentGeneration/passes/auditChecks.test.ts[2m > [22m[2mcheckPredicateConsistency[2m > [22m[2mpasses for instructional content with how-to headings
[22m[39m[Audit] 23/30 AnchorVar: 1ms
[Audit] 24/30 AnnotQual: 1ms
[Audit] 25/30 SuppLink: 1ms
[Audit] 26/30 ProseBalance: 1ms
[Audit] 27/30 ListDefSent: 1ms

[90mstdout[2m | services/ai/contentGeneration/passes/auditChecks.test.ts[2m > [22m[2mcheckPredicateConsistency[2m > [22m[2mpasses for instructional content with how-to headings
[22m[39m[Audit] 28/30 TableApprop: 1ms
[Audit] 29/30 ImagePlace: 1ms
[Audit] 30/30 SentLength: 1ms

[90mstdout[2m | services/ai/contentGeneration/passes/auditChecks.test.ts[2m > [22m[2mcheckPredicateConsistency[2m > [22m[2mpasses for instructional content with how-to headings
[22m[39m[Audit] 31/30 EAVDensity: 1ms
[Audit] 32/30 IntLinkIns: 1ms

[90mstdout[2m | services/ai/contentGeneration/passes/auditChecks.test.ts[2m > [22m[2mcheckPredicateConsistency[2m > [22m[2mpasses for instructional content with how-to headings
[22m[39m[Audit] 33/30 TemplFormat: 1ms
[Audit] 34/30 TemplCover: 1ms
[Audit] COMPLETE: 1ms total for 35 checks

[90mstdout[2m | services/ai/contentGeneration/passes/auditChecks.test.ts[2m > [22m[2mcheckCoverageWeight[2m > [22m[2mfails when minor section exceeds 50% of content
[22m[39m[Audit] Starting audit of 3745 chars...
[Audit] Pre-computed 81 sentences: 0ms
[Audit] 1/30 Modality: 0ms
[Audit] 2/30 StopWords: 0ms
[Audit] 3/30 SubjectPos: 0ms
[Audit] 4/30 HeadingHier: 0ms

[90mstdout[2m | services/ai/contentGeneration/passes/auditChecks.test.ts[2m > [22m[2mcheckCoverageWeight[2m > [22m[2mfails when minor section exceeds 50% of content
[22m[39m[Audit] 5/30 GenericHead: 0ms
[Audit] 6/30 PassiveVoice: 0ms
[Audit] 7/30 HeadingEntity: 0ms
[Audit] 8/30 FutureTense: 1ms
[Audit] 9/30 StopWordDens: 1ms

[90mstdout[2m | services/ai/contentGeneration/passes/auditChecks.test.ts[2m > [22m[2mcheckCoverageWeight[2m > [22m[2mfails when minor section exceeds 50% of content
[22m[39m[Audit] 10/30 ListCount: 1ms
[Audit] 11/30 PronounDens: 1ms
[Audit] 12/30 LinkPos: 1ms
[Audit] 13/30 FirstSent: 1ms
[Audit] 14/30 Centerpiece: 1ms

[90mstdout[2m | services/ai/contentGeneration/passes/auditChecks.test.ts[2m > [22m[2mcheckCoverageWeight[2m > [22m[2mfails when minor section exceeds 50% of content
[22m[39m[Audit] 15/30 Repetitive: 1ms
[Audit] 16/30 LLMPhrases: 1ms
[Audit] 17/30 PredConsis: 1ms
[Audit] 18/30 Coverage: 1ms
[Audit] 19/30 Vocabulary: 1ms

[90mstdout[2m | services/ai/contentGeneration/passes/auditChecks.test.ts[2m > [22m[2mcheckCoverageWeight[2m > [22m[2mfails when minor section exceeds 50% of content
[22m[39m[Audit] 20/30 MacroMicro: 1ms
[Audit] 21/30 ExtractSum: 1ms
[Audit] 22/30 QueryFormat: 2ms

[90mstdout[2m | services/ai/contentGeneration/passes/auditChecks.test.ts[2m > [22m[2mcheckCoverageWeight[2m > [22m[2mfails when minor section exceeds 50% of content
[22m[39m[Audit] 23/30 AnchorVar: 2ms
[Audit] 24/30 AnnotQual: 2ms
[Audit] 25/30 SuppLink: 2ms
[Audit] 26/30 ProseBalance: 2ms
[Audit] 27/30 ListDefSent: 2ms

[90mstdout[2m | services/ai/contentGeneration/passes/auditChecks.test.ts[2m > [22m[2mcheckCoverageWeight[2m > [22m[2mfails when minor section exceeds 50% of content
[22m[39m[Audit] 28/30 TableApprop: 2ms
[Audit] 29/30 ImagePlace: 2ms
[Audit] 30/30 SentLength: 2ms

[90mstdout[2m | services/ai/contentGeneration/passes/auditChecks.test.ts[2m > [22m[2mcheckCoverageWeight[2m > [22m[2mfails when minor section exceeds 50% of content
[22m[39m[Audit] 31/30 EAVDensity: 2ms
[Audit] 32/30 IntLinkIns: 2ms

[90mstdout[2m | services/ai/contentGeneration/passes/auditChecks.test.ts[2m > [22m[2mcheckCoverageWeight[2m > [22m[2mfails when minor section exceeds 50% of content
[22m[39m[Audit] 33/30 TemplFormat: 2ms
[Audit] 34/30 TemplCover: 2ms
[Audit] COMPLETE: 2ms total for 35 checks

[90mstdout[2m | services/ai/contentGeneration/passes/auditChecks.test.ts[2m > [22m[2mcheckCoverageWeight[2m > [22m[2mpasses when content is well-balanced
[22m[39m[Audit] Starting audit of 2443 chars...
[Audit] Pre-computed 42 sentences: 0ms
[Audit] 1/30 Modality: 0ms
[Audit] 2/30 StopWords: 0ms
[Audit] 3/30 SubjectPos: 0ms
[Audit] 4/30 HeadingHier: 0ms

[90mstdout[2m | services/ai/contentGeneration/passes/auditChecks.test.ts[2m > [22m[2mcheckCoverageWeight[2m > [22m[2mpasses when content is well-balanced
[22m[39m[Audit] 5/30 GenericHead: 0ms
[Audit] 6/30 PassiveVoice: 0ms
[Audit] 7/30 HeadingEntity: 0ms
[Audit] 8/30 FutureTense: 0ms
[Audit] 9/30 StopWordDens: 0ms

[90mstdout[2m | services/ai/contentGeneration/passes/auditChecks.test.ts[2m > [22m[2mcheckCoverageWeight[2m > [22m[2mpasses when content is well-balanced
[22m[39m[Audit] 10/30 ListCount: 1ms
[Audit] 11/30 PronounDens: 1ms
[Audit] 12/30 LinkPos: 1ms
[Audit] 13/30 FirstSent: 1ms
[Audit] 14/30 Centerpiece: 1ms

[90mstdout[2m | services/ai/contentGeneration/passes/auditChecks.test.ts[2m > [22m[2mcheckCoverageWeight[2m > [22m[2mpasses when content is well-balanced
[22m[39m[Audit] 15/30 Repetitive: 1ms
[Audit] 16/30 LLMPhrases: 1ms
[Audit] 17/30 PredConsis: 1ms
[Audit] 18/30 Coverage: 1ms
[Audit] 19/30 Vocabulary: 1ms

[90mstdout[2m | services/ai/contentGeneration/passes/auditChecks.test.ts[2m > [22m[2mcheckCoverageWeight[2m > [22m[2mpasses when content is well-balanced
[22m[39m[Audit] 20/30 MacroMicro: 1ms
[Audit] 21/30 ExtractSum: 1ms
[Audit] 22/30 QueryFormat: 1ms

[90mstdout[2m | services/ai/contentGeneration/passes/auditChecks.test.ts[2m > [22m[2mcheckCoverageWeight[2m > [22m[2mpasses when content is well-balanced
[22m[39m[Audit] 23/30 AnchorVar: 1ms
[Audit] 24/30 AnnotQual: 1ms
[Audit] 25/30 SuppLink: 1ms
[Audit] 26/30 ProseBalance: 1ms
[Audit] 27/30 ListDefSent: 1ms

[90mstdout[2m | services/ai/contentGeneration/passes/auditChecks.test.ts[2m > [22m[2mcheckCoverageWeight[2m > [22m[2mpasses when content is well-balanced
[22m[39m[Audit] 28/30 TableApprop: 1ms
[Audit] 29/30 ImagePlace: 1ms
[Audit] 30/30 SentLength: 1ms

[90mstdout[2m | services/ai/contentGeneration/passes/auditChecks.test.ts[2m > [22m[2mcheckCoverageWeight[2m > [22m[2mpasses when content is well-balanced
[22m[39m[Audit] 31/30 EAVDensity: 1ms
[Audit] 32/30 IntLinkIns: 1ms

[90mstdout[2m | services/ai/contentGeneration/passes/auditChecks.test.ts[2m > [22m[2mcheckCoverageWeight[2m > [22m[2mpasses when content is well-balanced
[22m[39m[Audit] 33/30 TemplFormat: 1ms
[Audit] 34/30 TemplCover: 1ms
[Audit] COMPLETE: 1ms total for 35 checks

[90mstdout[2m | services/ai/contentGeneration/passes/auditChecks.test.ts[2m > [22m[2mcheckVocabularyRichness[2m > [22m[2mfails when vocabulary diversity is too low
[22m[39m[Audit] Starting audit of 693 chars...
[Audit] Pre-computed 18 sentences: 0ms
[Audit] 1/30 Modality: 0ms
[Audit] 2/30 StopWords: 0ms
[Audit] 3/30 SubjectPos: 0ms
[Audit] 4/30 HeadingHier: 0ms

[90mstdout[2m | services/ai/contentGeneration/passes/auditChecks.test.ts[2m > [22m[2mcheckVocabularyRichness[2m > [22m[2mfails when vocabulary diversity is too low
[22m[39m[Audit] 5/30 GenericHead: 0ms
[Audit] 6/30 PassiveVoice: 0ms
[Audit] 7/30 HeadingEntity: 0ms
[Audit] 8/30 FutureTense: 0ms
[Audit] 9/30 StopWordDens: 0ms

[90mstdout[2m | services/ai/contentGeneration/passes/auditChecks.test.ts[2m > [22m[2mcheckVocabularyRichness[2m > [22m[2mfails when vocabulary diversity is too low
[22m[39m[Audit] 10/30 ListCount: 1ms
[Audit] 11/30 PronounDens: 1ms
[Audit] 12/30 LinkPos: 1ms
[Audit] 13/30 FirstSent: 1ms
[Audit] 14/30 Centerpiece: 1ms

[90mstdout[2m | services/ai/contentGeneration/passes/auditChecks.test.ts[2m > [22m[2mcheckVocabularyRichness[2m > [22m[2mfails when vocabulary diversity is too low
[22m[39m[Audit] 15/30 Repetitive: 1ms
[Audit] 16/30 LLMPhrases: 1ms
[Audit] 17/30 PredConsis: 1ms
[Audit] 18/30 Coverage: 1ms
[Audit] 19/30 Vocabulary: 1ms

[90mstdout[2m | services/ai/contentGeneration/passes/auditChecks.test.ts[2m > [22m[2mcheckVocabularyRichness[2m > [22m[2mfails when vocabulary diversity is too low
[22m[39m[Audit] 20/30 MacroMicro: 1ms
[Audit] 21/30 ExtractSum: 1ms
[Audit] 22/30 QueryFormat: 1ms

[90mstdout[2m | services/ai/contentGeneration/passes/auditChecks.test.ts[2m > [22m[2mcheckVocabularyRichness[2m > [22m[2mfails when vocabulary diversity is too low
[22m[39m[Audit] 23/30 AnchorVar: 1ms
[Audit] 24/30 AnnotQual: 1ms
[Audit] 25/30 SuppLink: 1ms
[Audit] 26/30 ProseBalance: 1ms
[Audit] 27/30 ListDefSent: 1ms

[90mstdout[2m | services/ai/contentGeneration/passes/auditChecks.test.ts[2m > [22m[2mcheckVocabularyRichness[2m > [22m[2mfails when vocabulary diversity is too low
[22m[39m[Audit] 28/30 TableApprop: 1ms
[Audit] 29/30 ImagePlace: 1ms
[Audit] 30/30 SentLength: 1ms

[90mstdout[2m | services/ai/contentGeneration/passes/auditChecks.test.ts[2m > [22m[2mcheckVocabularyRichness[2m > [22m[2mfails when vocabulary diversity is too low
[22m[39m[Audit] 31/30 EAVDensity: 1ms
[Audit] 32/30 IntLinkIns: 1ms

[90mstdout[2m | services/ai/contentGeneration/passes/auditChecks.test.ts[2m > [22m[2mcheckVocabularyRichness[2m > [22m[2mfails when vocabulary diversity is too low
[22m[39m[Audit] 33/30 TemplFormat: 1ms
[Audit] 34/30 TemplCover: 1ms
[Audit] COMPLETE: 1ms total for 35 checks

[90mstdout[2m | services/ai/contentGeneration/passes/auditChecks.test.ts[2m > [22m[2mcheckVocabularyRichness[2m > [22m[2mpasses when vocabulary is diverse
[22m[39m[Audit] Starting audit of 460 chars...
[Audit] Pre-computed 6 sentences: 0ms
[Audit] 1/30 Modality: 0ms
[Audit] 2/30 StopWords: 0ms
[Audit] 3/30 SubjectPos: 0ms
[Audit] 4/30 HeadingHier: 0ms

[90mstdout[2m | services/ai/contentGeneration/passes/auditChecks.test.ts[2m > [22m[2mcheckVocabularyRichness[2m > [22m[2mpasses when vocabulary is diverse
[22m[39m[Audit] 5/30 GenericHead: 0ms
[Audit] 6/30 PassiveVoice: 0ms
[Audit] 7/30 HeadingEntity: 0ms
[Audit] 8/30 FutureTense: 0ms
[Audit] 9/30 StopWordDens: 0ms

[90mstdout[2m | services/ai/contentGeneration/passes/auditChecks.test.ts[2m > [22m[2mcheckVocabularyRichness[2m > [22m[2mpasses when vocabulary is diverse
[22m[39m[Audit] 10/30 ListCount: 0ms
[Audit] 11/30 PronounDens: 0ms
[Audit] 12/30 LinkPos: 0ms
[Audit] 13/30 FirstSent: 0ms
[Audit] 14/30 Centerpiece: 0ms

[90mstdout[2m | services/ai/contentGeneration/passes/auditChecks.test.ts[2m > [22m[2mcheckVocabularyRichness[2m > [22m[2mpasses when vocabulary is diverse
[22m[39m[Audit] 15/30 Repetitive: 1ms
[Audit] 16/30 LLMPhrases: 1ms
[Audit] 17/30 PredConsis: 1ms
[Audit] 18/30 Coverage: 1ms
[Audit] 19/30 Vocabulary: 1ms

[90mstdout[2m | services/ai/contentGeneration/passes/auditChecks.test.ts[2m > [22m[2mcheckVocabularyRichness[2m > [22m[2mpasses when vocabulary is diverse
[22m[39m[Audit] 20/30 MacroMicro: 1ms
[Audit] 21/30 ExtractSum: 1ms
[Audit] 22/30 QueryFormat: 1ms

[90mstdout[2m | services/ai/contentGeneration/passes/auditChecks.test.ts[2m > [22m[2mcheckVocabularyRichness[2m > [22m[2mpasses when vocabulary is diverse
[22m[39m[Audit] 23/30 AnchorVar: 1ms
[Audit] 24/30 AnnotQual: 1ms
[Audit] 25/30 SuppLink: 1ms
[Audit] 26/30 ProseBalance: 1ms
[Audit] 27/30 ListDefSent: 1ms

[90mstdout[2m | services/ai/contentGeneration/passes/auditChecks.test.ts[2m > [22m[2mcheckVocabularyRichness[2m > [22m[2mpasses when vocabulary is diverse
[22m[39m[Audit] 28/30 TableApprop: 1ms
[Audit] 29/30 ImagePlace: 1ms
[Audit] 30/30 SentLength: 1ms

[90mstdout[2m | services/ai/contentGeneration/passes/auditChecks.test.ts[2m > [22m[2mcheckVocabularyRichness[2m > [22m[2mpasses when vocabulary is diverse
[22m[39m[Audit] 31/30 EAVDensity: 1ms
[Audit] 32/30 IntLinkIns: 1ms

[90mstdout[2m | services/ai/contentGeneration/passes/auditChecks.test.ts[2m > [22m[2mcheckVocabularyRichness[2m > [22m[2mpasses when vocabulary is diverse
[22m[39m[Audit] 33/30 TemplFormat: 1ms
[Audit] 34/30 TemplCover: 1ms
[Audit] COMPLETE: 1ms total for 35 checks

[90mstdout[2m | services/ai/contentGeneration/passes/auditChecks.test.ts[2m > [22m[2mcheckMacroMicroBorder[2m > [22m[2mshould pass when content has supplementary section for related links
[22m[39m[Audit] Starting audit of 321 chars...
[Audit] Pre-computed 3 sentences: 0ms
[Audit] 1/30 Modality: 0ms
[Audit] 2/30 StopWords: 0ms
[Audit] 3/30 SubjectPos: 0ms
[Audit] 4/30 HeadingHier: 0ms

[90mstdout[2m | services/ai/contentGeneration/passes/auditChecks.test.ts[2m > [22m[2mcheckMacroMicroBorder[2m > [22m[2mshould pass when content has supplementary section for related links
[22m[39m[Audit] 5/30 GenericHead: 0ms
[Audit] 6/30 PassiveVoice: 0ms
[Audit] 7/30 HeadingEntity: 0ms
[Audit] 8/30 FutureTense: 0ms
[Audit] 9/30 StopWordDens: 0ms

[90mstdout[2m | services/ai/contentGeneration/passes/auditChecks.test.ts[2m > [22m[2mcheckMacroMicroBorder[2m > [22m[2mshould pass when content has supplementary section for related links
[22m[39m[Audit] 10/30 ListCount: 0ms
[Audit] 11/30 PronounDens: 0ms
[Audit] 12/30 LinkPos: 0ms
[Audit] 13/30 FirstSent: 0ms
[Audit] 14/30 Centerpiece: 0ms

[90mstdout[2m | services/ai/contentGeneration/passes/auditChecks.test.ts[2m > [22m[2mcheckMacroMicroBorder[2m > [22m[2mshould pass when content has supplementary section for related links
[22m[39m[Audit] 15/30 Repetitive: 1ms
[Audit] 16/30 LLMPhrases: 1ms
[Audit] 17/30 PredConsis: 1ms
[Audit] 18/30 Coverage: 1ms
[Audit] 19/30 Vocabulary: 1ms

[90mstdout[2m | services/ai/contentGeneration/passes/auditChecks.test.ts[2m > [22m[2mcheckMacroMicroBorder[2m > [22m[2mshould pass when content has supplementary section for related links
[22m[39m[Audit] 20/30 MacroMicro: 1ms
[Audit] 21/30 ExtractSum: 1ms
[Audit] 22/30 QueryFormat: 1ms

[90mstdout[2m | services/ai/contentGeneration/passes/auditChecks.test.ts[2m > [22m[2mcheckMacroMicroBorder[2m > [22m[2mshould pass when content has supplementary section for related links
[22m[39m[Audit] 23/30 AnchorVar: 1ms
[Audit] 24/30 AnnotQual: 1ms
[Audit] 25/30 SuppLink: 1ms
[Audit] 26/30 ProseBalance: 1ms
[Audit] 27/30 ListDefSent: 1ms

[90mstdout[2m | services/ai/contentGeneration/passes/auditChecks.test.ts[2m > [22m[2mcheckMacroMicroBorder[2m > [22m[2mshould pass when content has supplementary section for related links
[22m[39m[Audit] 28/30 TableApprop: 1ms
[Audit] 29/30 ImagePlace: 1ms
[Audit] 30/30 SentLength: 1ms

[90mstdout[2m | services/ai/contentGeneration/passes/auditChecks.test.ts[2m > [22m[2mcheckMacroMicroBorder[2m > [22m[2mshould pass when content has supplementary section for related links
[22m[39m[Audit] 31/30 EAVDensity: 1ms
[Audit] 32/30 IntLinkIns: 1ms

[90mstdout[2m | services/ai/contentGeneration/passes/auditChecks.test.ts[2m > [22m[2mcheckMacroMicroBorder[2m > [22m[2mshould pass when content has supplementary section for related links
[22m[39m[Audit] 33/30 TemplFormat: 1ms
[Audit] 34/30 TemplCover: 1ms
[Audit] COMPLETE: 1ms total for 35 checks

[90mstdout[2m | services/ai/contentGeneration/passes/auditChecks.test.ts[2m > [22m[2mcheckMacroMicroBorder[2m > [22m[2mshould fail when many links appear in main content without supplementary section
[22m[39m[Audit] Starting audit of 312 chars...
[Audit] Pre-computed 4 sentences: 0ms
[Audit] 1/30 Modality: 0ms
[Audit] 2/30 StopWords: 0ms
[Audit] 3/30 SubjectPos: 0ms
[Audit] 4/30 HeadingHier: 0ms

[90mstdout[2m | services/ai/contentGeneration/passes/auditChecks.test.ts[2m > [22m[2mcheckMacroMicroBorder[2m > [22m[2mshould fail when many links appear in main content without supplementary section
[22m[39m[Audit] 5/30 GenericHead: 0ms
[Audit] 6/30 PassiveVoice: 0ms
[Audit] 7/30 HeadingEntity: 0ms
[Audit] 8/30 FutureTense: 0ms
[Audit] 9/30 StopWordDens: 0ms

[90mstdout[2m | services/ai/contentGeneration/passes/auditChecks.test.ts[2m > [22m[2mcheckMacroMicroBorder[2m > [22m[2mshould fail when many links appear in main content without supplementary section
[22m[39m[Audit] 10/30 ListCount: 0ms
[Audit] 11/30 PronounDens: 0ms
[Audit] 12/30 LinkPos: 0ms
[Audit] 13/30 FirstSent: 0ms
[Audit] 14/30 Centerpiece: 0ms

[90mstdout[2m | services/ai/contentGeneration/passes/auditChecks.test.ts[2m > [22m[2mcheckMacroMicroBorder[2m > [22m[2mshould fail when many links appear in main content without supplementary section
[22m[39m[Audit] 15/30 Repetitive: 1ms
[Audit] 16/30 LLMPhrases: 1ms
[Audit] 17/30 PredConsis: 1ms
[Audit] 18/30 Coverage: 1ms
[Audit] 19/30 Vocabulary: 1ms

[90mstdout[2m | services/ai/contentGeneration/passes/auditChecks.test.ts[2m > [22m[2mcheckMacroMicroBorder[2m > [22m[2mshould fail when many links appear in main content without supplementary section
[22m[39m[Audit] 20/30 MacroMicro: 1ms
[Audit] 21/30 ExtractSum: 1ms
[Audit] 22/30 QueryFormat: 1ms

[90mstdout[2m | services/ai/contentGeneration/passes/auditChecks.test.ts[2m > [22m[2mcheckMacroMicroBorder[2m > [22m[2mshould fail when many links appear in main content without supplementary section
[22m[39m[Audit] 23/30 AnchorVar: 1ms
[Audit] 24/30 AnnotQual: 1ms
[Audit] 25/30 SuppLink: 1ms
[Audit] 26/30 ProseBalance: 1ms
[Audit] 27/30 ListDefSent: 1ms

[90mstdout[2m | services/ai/contentGeneration/passes/auditChecks.test.ts[2m > [22m[2mcheckMacroMicroBorder[2m > [22m[2mshould fail when many links appear in main content without supplementary section
[22m[39m[Audit] 28/30 TableApprop: 1ms
[Audit] 29/30 ImagePlace: 1ms
[Audit] 30/30 SentLength: 1ms

[90mstdout[2m | services/ai/contentGeneration/passes/auditChecks.test.ts[2m > [22m[2mcheckMacroMicroBorder[2m > [22m[2mshould fail when many links appear in main content without supplementary section
[22m[39m[Audit] 31/30 EAVDensity: 1ms
[Audit] 32/30 IntLinkIns: 1ms

[90mstdout[2m | services/ai/contentGeneration/passes/auditChecks.test.ts[2m > [22m[2mcheckMacroMicroBorder[2m > [22m[2mshould fail when many links appear in main content without supplementary section
[22m[39m[Audit] 33/30 TemplFormat: 1ms
[Audit] 34/30 TemplCover: 1ms
[Audit] COMPLETE: 1ms total for 35 checks

[90mstdout[2m | services/ai/contentGeneration/passes/auditChecks.test.ts[2m > [22m[2mcheckExtractiveSummaryAlignment[2m > [22m[2mshould pass when intro mentions all H2 topics
[22m[39m[Audit] Starting audit of 396 chars...
[Audit] Pre-computed 1 sentences: 0ms
[Audit] 1/30 Modality: 0ms
[Audit] 2/30 StopWords: 0ms
[Audit] 3/30 SubjectPos: 0ms
[Audit] 4/30 HeadingHier: 0ms

[90mstdout[2m | services/ai/contentGeneration/passes/auditChecks.test.ts[2m > [22m[2mcheckExtractiveSummaryAlignment[2m > [22m[2mshould pass when intro mentions all H2 topics
[22m[39m[Audit] 5/30 GenericHead: 0ms
[Audit] 6/30 PassiveVoice: 0ms
[Audit] 7/30 HeadingEntity: 0ms
[Audit] 8/30 FutureTense: 0ms
[Audit] 9/30 StopWordDens: 0ms

[90mstdout[2m | services/ai/contentGeneration/passes/auditChecks.test.ts[2m > [22m[2mcheckExtractiveSummaryAlignment[2m > [22m[2mshould pass when intro mentions all H2 topics
[22m[39m[Audit] 10/30 ListCount: 0ms
[Audit] 11/30 PronounDens: 0ms
[Audit] 12/30 LinkPos: 0ms
[Audit] 13/30 FirstSent: 0ms
[Audit] 14/30 Centerpiece: 0ms

[90mstdout[2m | services/ai/contentGeneration/passes/auditChecks.test.ts[2m > [22m[2mcheckExtractiveSummaryAlignment[2m > [22m[2mshould pass when intro mentions all H2 topics
[22m[39m[Audit] 15/30 Repetitive: 0ms
[Audit] 16/30 LLMPhrases: 0ms
[Audit] 17/30 PredConsis: 1ms
[Audit] 18/30 Coverage: 1ms
[Audit] 19/30 Vocabulary: 1ms

[90mstdout[2m | services/ai/contentGeneration/passes/auditChecks.test.ts[2m > [22m[2mcheckExtractiveSummaryAlignment[2m > [22m[2mshould pass when intro mentions all H2 topics
[22m[39m[Audit] 20/30 MacroMicro: 1ms
[Audit] 21/30 ExtractSum: 1ms
[Audit] 22/30 QueryFormat: 1ms

[90mstdout[2m | services/ai/contentGeneration/passes/auditChecks.test.ts[2m > [22m[2mcheckExtractiveSummaryAlignment[2m > [22m[2mshould pass when intro mentions all H2 topics
[22m[39m[Audit] 23/30 AnchorVar: 1ms
[Audit] 24/30 AnnotQual: 1ms
[Audit] 25/30 SuppLink: 1ms
[Audit] 26/30 ProseBalance: 1ms
[Audit] 27/30 ListDefSent: 1ms

[90mstdout[2m | services/ai/contentGeneration/passes/auditChecks.test.ts[2m > [22m[2mcheckExtractiveSummaryAlignment[2m > [22m[2mshould pass when intro mentions all H2 topics
[22m[39m[Audit] 28/30 TableApprop: 1ms
[Audit] 29/30 ImagePlace: 1ms
[Audit] 30/30 SentLength: 1ms

[90mstdout[2m | services/ai/contentGeneration/passes/auditChecks.test.ts[2m > [22m[2mcheckExtractiveSummaryAlignment[2m > [22m[2mshould pass when intro mentions all H2 topics
[22m[39m[Audit] 31/30 EAVDensity: 1ms
[Audit] 32/30 IntLinkIns: 1ms

[90mstdout[2m | services/ai/contentGeneration/passes/auditChecks.test.ts[2m > [22m[2mcheckExtractiveSummaryAlignment[2m > [22m[2mshould pass when intro mentions all H2 topics
[22m[39m[Audit] 33/30 TemplFormat: 1ms
[Audit] 34/30 TemplCover: 1ms
[Audit] COMPLETE: 1ms total for 35 checks

[90mstdout[2m | services/ai/contentGeneration/passes/auditChecks.test.ts[2m > [22m[2mcheckExtractiveSummaryAlignment[2m > [22m[2mshould fail when intro does not preview H2 topics
[22m[39m[Audit] Starting audit of 295 chars...
[Audit] Pre-computed 2 sentences: 0ms
[Audit] 1/30 Modality: 0ms
[Audit] 2/30 StopWords: 0ms
[Audit] 3/30 SubjectPos: 0ms
[Audit] 4/30 HeadingHier: 0ms

[90mstdout[2m | services/ai/contentGeneration/passes/auditChecks.test.ts[2m > [22m[2mcheckExtractiveSummaryAlignment[2m > [22m[2mshould fail when intro does not preview H2 topics
[22m[39m[Audit] 5/30 GenericHead: 0ms
[Audit] 6/30 PassiveVoice: 0ms
[Audit] 7/30 HeadingEntity: 0ms
[Audit] 8/30 FutureTense: 0ms
[Audit] 9/30 StopWordDens: 0ms

[90mstdout[2m | services/ai/contentGeneration/passes/auditChecks.test.ts[2m > [22m[2mcheckExtractiveSummaryAlignment[2m > [22m[2mshould fail when intro does not preview H2 topics
[22m[39m[Audit] 10/30 ListCount: 0ms
[Audit] 11/30 PronounDens: 0ms
[Audit] 12/30 LinkPos: 0ms
[Audit] 13/30 FirstSent: 0ms
[Audit] 14/30 Centerpiece: 0ms

[90mstdout[2m | services/ai/contentGeneration/passes/auditChecks.test.ts[2m > [22m[2mcheckExtractiveSummaryAlignment[2m > [22m[2mshould fail when intro does not preview H2 topics
[22m[39m[Audit] 15/30 Repetitive: 0ms
[Audit] 16/30 LLMPhrases: 0ms
[Audit] 17/30 PredConsis: 0ms
[Audit] 18/30 Coverage: 0ms
[Audit] 19/30 Vocabulary: 1ms

[90mstdout[2m | services/ai/contentGeneration/passes/auditChecks.test.ts[2m > [22m[2mcheckExtractiveSummaryAlignment[2m > [22m[2mshould fail when intro does not preview H2 topics
[22m[39m[Audit] 20/30 MacroMicro: 1ms
[Audit] 21/30 ExtractSum: 1ms
[Audit] 22/30 QueryFormat: 1ms

[90mstdout[2m | services/ai/contentGeneration/passes/auditChecks.test.ts[2m > [22m[2mcheckExtractiveSummaryAlignment[2m > [22m[2mshould fail when intro does not preview H2 topics
[22m[39m[Audit] 23/30 AnchorVar: 1ms
[Audit] 24/30 AnnotQual: 1ms
[Audit] 25/30 SuppLink: 1ms
[Audit] 26/30 ProseBalance: 1ms
[Audit] 27/30 ListDefSent: 1ms

[90mstdout[2m | services/ai/contentGeneration/passes/auditChecks.test.ts[2m > [22m[2mcheckExtractiveSummaryAlignment[2m > [22m[2mshould fail when intro does not preview H2 topics
[22m[39m[Audit] 28/30 TableApprop: 1ms
[Audit] 29/30 ImagePlace: 1ms
[Audit] 30/30 SentLength: 1ms

[90mstdout[2m | services/ai/contentGeneration/passes/auditChecks.test.ts[2m > [22m[2mcheckExtractiveSummaryAlignment[2m > [22m[2mshould fail when intro does not preview H2 topics
[22m[39m[Audit] 31/30 EAVDensity: 1ms
[Audit] 32/30 IntLinkIns: 1ms

[90mstdout[2m | services/ai/contentGeneration/passes/auditChecks.test.ts[2m > [22m[2mcheckExtractiveSummaryAlignment[2m > [22m[2mshould fail when intro does not preview H2 topics
[22m[39m[Audit] 33/30 TemplFormat: 1ms
[Audit] 34/30 TemplCover: 1ms
[Audit] COMPLETE: 1ms total for 35 checks

[90mstdout[2m | services/ai/contentGeneration/passes/auditChecks.test.ts[2m > [22m[2mcheckQueryFormatAlignment[2m > [22m[2mshould pass when "types of" query has list format
[22m[39m[Audit] Starting audit of 203 chars...
[Audit] Pre-computed 1 sentences: 0ms
[Audit] 1/30 Modality: 0ms
[Audit] 2/30 StopWords: 0ms
[Audit] 3/30 SubjectPos: 0ms
[Audit] 4/30 HeadingHier: 0ms

[90mstdout[2m | services/ai/contentGeneration/passes/auditChecks.test.ts[2m > [22m[2mcheckQueryFormatAlignment[2m > [22m[2mshould pass when "types of" query has list format
[22m[39m[Audit] 5/30 GenericHead: 0ms
[Audit] 6/30 PassiveVoice: 0ms
[Audit] 7/30 HeadingEntity: 0ms
[Audit] 8/30 FutureTense: 0ms
[Audit] 9/30 StopWordDens: 0ms

[90mstdout[2m | services/ai/contentGeneration/passes/auditChecks.test.ts[2m > [22m[2mcheckQueryFormatAlignment[2m > [22m[2mshould pass when "types of" query has list format
[22m[39m[Audit] 10/30 ListCount: 0ms
[Audit] 11/30 PronounDens: 0ms
[Audit] 12/30 LinkPos: 0ms
[Audit] 13/30 FirstSent: 0ms
[Audit] 14/30 Centerpiece: 0ms

[90mstdout[2m | services/ai/contentGeneration/passes/auditChecks.test.ts[2m > [22m[2mcheckQueryFormatAlignment[2m > [22m[2mshould pass when "types of" query has list format
[22m[39m[Audit] 15/30 Repetitive: 0ms
[Audit] 16/30 LLMPhrases: 0ms
[Audit] 17/30 PredConsis: 0ms
[Audit] 18/30 Coverage: 0ms
[Audit] 19/30 Vocabulary: 0ms

[90mstdout[2m | services/ai/contentGeneration/passes/auditChecks.test.ts[2m > [22m[2mcheckQueryFormatAlignment[2m > [22m[2mshould pass when "types of" query has list format
[22m[39m[Audit] 20/30 MacroMicro: 0ms
[Audit] 21/30 ExtractSum: 0ms
[Audit] 22/30 QueryFormat: 1ms

[90mstdout[2m | services/ai/contentGeneration/passes/auditChecks.test.ts[2m > [22m[2mcheckQueryFormatAlignment[2m > [22m[2mshould pass when "types of" query has list format
[22m[39m[Audit] 23/30 AnchorVar: 1ms
[Audit] 24/30 AnnotQual: 1ms
[Audit] 25/30 SuppLink: 1ms
[Audit] 26/30 ProseBalance: 1ms
[Audit] 27/30 ListDefSent: 1ms

[90mstdout[2m | services/ai/contentGeneration/passes/auditChecks.test.ts[2m > [22m[2mcheckQueryFormatAlignment[2m > [22m[2mshould pass when "types of" query has list format
[22m[39m[Audit] 28/30 TableApprop: 1ms
[Audit] 29/30 ImagePlace: 1ms
[Audit] 30/30 SentLength: 1ms

[90mstdout[2m | services/ai/contentGeneration/passes/auditChecks.test.ts[2m > [22m[2mcheckQueryFormatAlignment[2m > [22m[2mshould pass when "types of" query has list format
[22m[39m[Audit] 31/30 EAVDensity: 1ms
[Audit] 32/30 IntLinkIns: 1ms

[90mstdout[2m | services/ai/contentGeneration/passes/auditChecks.test.ts[2m > [22m[2mcheckQueryFormatAlignment[2m > [22m[2mshould pass when "types of" query has list format
[22m[39m[Audit] 33/30 TemplFormat: 1ms
[Audit] 34/30 TemplCover: 1ms
[Audit] COMPLETE: 1ms total for 35 checks

[90mstdout[2m | services/ai/contentGeneration/passes/auditChecks.test.ts[2m > [22m[2mcheckQueryFormatAlignment[2m > [22m[2mshould fail when "how to" query lacks ordered list
[22m[39m[Audit] Starting audit of 232 chars...
[Audit] Pre-computed 5 sentences: 0ms
[Audit] 1/30 Modality: 0ms
[Audit] 2/30 StopWords: 0ms
[Audit] 3/30 SubjectPos: 0ms
[Audit] 4/30 HeadingHier: 0ms

[90mstdout[2m | services/ai/contentGeneration/passes/auditChecks.test.ts[2m > [22m[2mcheckQueryFormatAlignment[2m > [22m[2mshould fail when "how to" query lacks ordered list
[22m[39m[Audit] 5/30 GenericHead: 0ms
[Audit] 6/30 PassiveVoice: 0ms
[Audit] 7/30 HeadingEntity: 0ms
[Audit] 8/30 FutureTense: 0ms
[Audit] 9/30 StopWordDens: 0ms

[90mstdout[2m | services/ai/contentGeneration/passes/auditChecks.test.ts[2m > [22m[2mcheckQueryFormatAlignment[2m > [22m[2mshould fail when "how to" query lacks ordered list
[22m[39m[Audit] 10/30 ListCount: 0ms
[Audit] 11/30 PronounDens: 0ms
[Audit] 12/30 LinkPos: 0ms
[Audit] 13/30 FirstSent: 0ms
[Audit] 14/30 Centerpiece: 0ms

[90mstdout[2m | services/ai/contentGeneration/passes/auditChecks.test.ts[2m > [22m[2mcheckQueryFormatAlignment[2m > [22m[2mshould fail when "how to" query lacks ordered list
[22m[39m[Audit] 15/30 Repetitive: 0ms
[Audit] 16/30 LLMPhrases: 0ms
[Audit] 17/30 PredConsis: 0ms
[Audit] 18/30 Coverage: 0ms
[Audit] 19/30 Vocabulary: 0ms

[90mstdout[2m | services/ai/contentGeneration/passes/auditChecks.test.ts[2m > [22m[2mcheckQueryFormatAlignment[2m > [22m[2mshould fail when "how to" query lacks ordered list
[22m[39m[Audit] 20/30 MacroMicro: 1ms
[Audit] 21/30 ExtractSum: 1ms
[Audit] 22/30 QueryFormat: 1ms

[90mstdout[2m | services/ai/contentGeneration/passes/auditChecks.test.ts[2m > [22m[2mcheckQueryFormatAlignment[2m > [22m[2mshould fail when "how to" query lacks ordered list
[22m[39m[Audit] 23/30 AnchorVar: 1ms
[Audit] 24/30 AnnotQual: 1ms
[Audit] 25/30 SuppLink: 1ms
[Audit] 26/30 ProseBalance: 1ms
[Audit] 27/30 ListDefSent: 1ms

[90mstdout[2m | services/ai/contentGeneration/passes/auditChecks.test.ts[2m > [22m[2mcheckQueryFormatAlignment[2m > [22m[2mshould fail when "how to" query lacks ordered list
[22m[39m[Audit] 28/30 TableApprop: 1ms
[Audit] 29/30 ImagePlace: 1ms
[Audit] 30/30 SentLength: 1ms

[90mstdout[2m | services/ai/contentGeneration/passes/auditChecks.test.ts[2m > [22m[2mcheckQueryFormatAlignment[2m > [22m[2mshould fail when "how to" query lacks ordered list
[22m[39m[Audit] 31/30 EAVDensity: 1ms
[Audit] 32/30 IntLinkIns: 1ms

[90mstdout[2m | services/ai/contentGeneration/passes/auditChecks.test.ts[2m > [22m[2mcheckQueryFormatAlignment[2m > [22m[2mshould fail when "how to" query lacks ordered list
[22m[39m[Audit] 33/30 TemplFormat: 1ms
[Audit] 34/30 TemplCover: 1ms
[Audit] COMPLETE: 1ms total for 35 checks

[90mstdout[2m | services/ai/contentGeneration/passes/auditChecks.test.ts[2m > [22m[2mcheckQueryFormatAlignment[2m > [22m[2mshould pass when "how to" query has numbered steps
[22m[39m[Audit] Starting audit of 247 chars...
[Audit] Pre-computed 6 sentences: 0ms
[Audit] 1/30 Modality: 0ms
[Audit] 2/30 StopWords: 0ms
[Audit] 3/30 SubjectPos: 0ms
[Audit] 4/30 HeadingHier: 0ms

[90mstdout[2m | services/ai/contentGeneration/passes/auditChecks.test.ts[2m > [22m[2mcheckQueryFormatAlignment[2m > [22m[2mshould pass when "how to" query has numbered steps
[22m[39m[Audit] 5/30 GenericHead: 0ms
[Audit] 6/30 PassiveVoice: 0ms
[Audit] 7/30 HeadingEntity: 0ms
[Audit] 8/30 FutureTense: 0ms
[Audit] 9/30 StopWordDens: 0ms

[90mstdout[2m | services/ai/contentGeneration/passes/auditChecks.test.ts[2m > [22m[2mcheckQueryFormatAlignment[2m > [22m[2mshould pass when "how to" query has numbered steps
[22m[39m[Audit] 10/30 ListCount: 0ms
[Audit] 11/30 PronounDens: 0ms
[Audit] 12/30 LinkPos: 0ms
[Audit] 13/30 FirstSent: 0ms
[Audit] 14/30 Centerpiece: 0ms

[90mstdout[2m | services/ai/contentGeneration/passes/auditChecks.test.ts[2m > [22m[2mcheckQueryFormatAlignment[2m > [22m[2mshould pass when "how to" query has numbered steps
[22m[39m[Audit] 15/30 Repetitive: 0ms
[Audit] 16/30 LLMPhrases: 0ms
[Audit] 17/30 PredConsis: 0ms
[Audit] 18/30 Coverage: 0ms
[Audit] 19/30 Vocabulary: 1ms

[90mstdout[2m | services/ai/contentGeneration/passes/auditChecks.test.ts[2m > [22m[2mcheckQueryFormatAlignment[2m > [22m[2mshould pass when "how to" query has numbered steps
[22m[39m[Audit] 20/30 MacroMicro: 1ms
[Audit] 21/30 ExtractSum: 1ms
[Audit] 22/30 QueryFormat: 1ms

[90mstdout[2m | services/ai/contentGeneration/passes/auditChecks.test.ts[2m > [22m[2mcheckQueryFormatAlignment[2m > [22m[2mshould pass when "how to" query has numbered steps
[22m[39m[Audit] 23/30 AnchorVar: 1ms
[Audit] 24/30 AnnotQual: 1ms
[Audit] 25/30 SuppLink: 1ms
[Audit] 26/30 ProseBalance: 1ms
[Audit] 27/30 ListDefSent: 1ms

[90mstdout[2m | services/ai/contentGeneration/passes/auditChecks.test.ts[2m > [22m[2mcheckQueryFormatAlignment[2m > [22m[2mshould pass when "how to" query has numbered steps
[22m[39m[Audit] 28/30 TableApprop: 1ms
[Audit] 29/30 ImagePlace: 1ms
[Audit] 30/30 SentLength: 1ms

[90mstdout[2m | services/ai/contentGeneration/passes/auditChecks.test.ts[2m > [22m[2mcheckQueryFormatAlignment[2m > [22m[2mshould pass when "how to" query has numbered steps
[22m[39m[Audit] 31/30 EAVDensity: 1ms
[Audit] 32/30 IntLinkIns: 1ms

[90mstdout[2m | services/ai/contentGeneration/passes/auditChecks.test.ts[2m > [22m[2mcheckQueryFormatAlignment[2m > [22m[2mshould pass when "how to" query has numbered steps
[22m[39m[Audit] 33/30 TemplFormat: 1ms
[Audit] 34/30 TemplCover: 1ms
[Audit] COMPLETE: 1ms total for 35 checks

[90mstdout[2m | services/ai/contentGeneration/passes/auditChecks.test.ts[2m > [22m[2mcheckAnchorTextVariety[2m > [22m[2mshould pass when anchor text is used 3 times or less
[22m[39m[Audit] Starting audit of 137 chars...
[Audit] Pre-computed 3 sentences: 0ms
[Audit] 1/30 Modality: 0ms
[Audit] 2/30 StopWords: 0ms
[Audit] 3/30 SubjectPos: 0ms
[Audit] 4/30 HeadingHier: 0ms

[90mstdout[2m | services/ai/contentGeneration/passes/auditChecks.test.ts[2m > [22m[2mcheckAnchorTextVariety[2m > [22m[2mshould pass when anchor text is used 3 times or less
[22m[39m[Audit] 5/30 GenericHead: 0ms
[Audit] 6/30 PassiveVoice: 0ms
[Audit] 7/30 HeadingEntity: 0ms
[Audit] 8/30 FutureTense: 0ms
[Audit] 9/30 StopWordDens: 0ms

[90mstdout[2m | services/ai/contentGeneration/passes/auditChecks.test.ts[2m > [22m[2mcheckAnchorTextVariety[2m > [22m[2mshould pass when anchor text is used 3 times or less
[22m[39m[Audit] 10/30 ListCount: 0ms
[Audit] 11/30 PronounDens: 0ms
[Audit] 12/30 LinkPos: 0ms
[Audit] 13/30 FirstSent: 0ms
[Audit] 14/30 Centerpiece: 0ms

[90mstdout[2m | services/ai/contentGeneration/passes/auditChecks.test.ts[2m > [22m[2mcheckAnchorTextVariety[2m > [22m[2mshould pass when anchor text is used 3 times or less
[22m[39m[Audit] 15/30 Repetitive: 0ms
[Audit] 16/30 LLMPhrases: 0ms
[Audit] 17/30 PredConsis: 0ms
[Audit] 18/30 Coverage: 0ms
[Audit] 19/30 Vocabulary: 1ms

[90mstdout[2m | services/ai/contentGeneration/passes/auditChecks.test.ts[2m > [22m[2mcheckAnchorTextVariety[2m > [22m[2mshould pass when anchor text is used 3 times or less
[22m[39m[Audit] 20/30 MacroMicro: 1ms
[Audit] 21/30 ExtractSum: 1ms
[Audit] 22/30 QueryFormat: 1ms

[90mstdout[2m | services/ai/contentGeneration/passes/auditChecks.test.ts[2m > [22m[2mcheckAnchorTextVariety[2m > [22m[2mshould pass when anchor text is used 3 times or less
[22m[39m[Audit] 23/30 AnchorVar: 1ms
[Audit] 24/30 AnnotQual: 1ms
[Audit] 25/30 SuppLink: 1ms
[Audit] 26/30 ProseBalance: 1ms
[Audit] 27/30 ListDefSent: 1ms

[90mstdout[2m | services/ai/contentGeneration/passes/auditChecks.test.ts[2m > [22m[2mcheckAnchorTextVariety[2m > [22m[2mshould pass when anchor text is used 3 times or less
[22m[39m[Audit] 28/30 TableApprop: 1ms
[Audit] 29/30 ImagePlace: 1ms
[Audit] 30/30 SentLength: 1ms

[90mstdout[2m | services/ai/contentGeneration/passes/auditChecks.test.ts[2m > [22m[2mcheckAnchorTextVariety[2m > [22m[2mshould pass when anchor text is used 3 times or less
[22m[39m[Audit] 31/30 EAVDensity: 1ms
[Audit] 32/30 IntLinkIns: 1ms

[90mstdout[2m | services/ai/contentGeneration/passes/auditChecks.test.ts[2m > [22m[2mcheckAnchorTextVariety[2m > [22m[2mshould pass when anchor text is used 3 times or less
[22m[39m[Audit] 33/30 TemplFormat: 1ms
[Audit] 34/30 TemplCover: 1ms
[Audit] COMPLETE: 1ms total for 35 checks

[90mstdout[2m | services/ai/contentGeneration/passes/auditChecks.test.ts[2m > [22m[2mcheckAnchorTextVariety[2m > [22m[2mshould fail when same anchor text used more than 3 times
[22m[39m[Audit] Starting audit of 238 chars...
[Audit] Pre-computed 5 sentences: 0ms
[Audit] 1/30 Modality: 0ms
[Audit] 2/30 StopWords: 0ms
[Audit] 3/30 SubjectPos: 0ms
[Audit] 4/30 HeadingHier: 0ms

[90mstdout[2m | services/ai/contentGeneration/passes/auditChecks.test.ts[2m > [22m[2mcheckAnchorTextVariety[2m > [22m[2mshould fail when same anchor text used more than 3 times
[22m[39m[Audit] 5/30 GenericHead: 0ms
[Audit] 6/30 PassiveVoice: 0ms
[Audit] 7/30 HeadingEntity: 0ms
[Audit] 8/30 FutureTense: 0ms
[Audit] 9/30 StopWordDens: 0ms

[90mstdout[2m | services/ai/contentGeneration/passes/auditChecks.test.ts[2m > [22m[2mcheckAnchorTextVariety[2m > [22m[2mshould fail when same anchor text used more than 3 times
[22m[39m[Audit] 10/30 ListCount: 0ms
[Audit] 11/30 PronounDens: 0ms
[Audit] 12/30 LinkPos: 0ms
[Audit] 13/30 FirstSent: 0ms
[Audit] 14/30 Centerpiece: 0ms

[90mstdout[2m | services/ai/contentGeneration/passes/auditChecks.test.ts[2m > [22m[2mcheckAnchorTextVariety[2m > [22m[2mshould fail when same anchor text used more than 3 times
[22m[39m[Audit] 15/30 Repetitive: 0ms
[Audit] 16/30 LLMPhrases: 0ms
[Audit] 17/30 PredConsis: 0ms
[Audit] 18/30 Coverage: 0ms
[Audit] 19/30 Vocabulary: 0ms

[90mstdout[2m | services/ai/contentGeneration/passes/auditChecks.test.ts[2m > [22m[2mcheckAnchorTextVariety[2m > [22m[2mshould fail when same anchor text used more than 3 times
[22m[39m[Audit] 20/30 MacroMicro: 1ms
[Audit] 21/30 ExtractSum: 1ms
[Audit] 22/30 QueryFormat: 1ms

[90mstdout[2m | services/ai/contentGeneration/passes/auditChecks.test.ts[2m > [22m[2mcheckAnchorTextVariety[2m > [22m[2mshould fail when same anchor text used more than 3 times
[22m[39m[Audit] 23/30 AnchorVar: 1ms
[Audit] 24/30 AnnotQual: 1ms
[Audit] 25/30 SuppLink: 1ms
[Audit] 26/30 ProseBalance: 1ms
[Audit] 27/30 ListDefSent: 1ms

[90mstdout[2m | services/ai/contentGeneration/passes/auditChecks.test.ts[2m > [22m[2mcheckAnchorTextVariety[2m > [22m[2mshould fail when same anchor text used more than 3 times
[22m[39m[Audit] 28/30 TableApprop: 1ms
[Audit] 29/30 ImagePlace: 1ms
[Audit] 30/30 SentLength: 1ms

[90mstdout[2m | services/ai/contentGeneration/passes/auditChecks.test.ts[2m > [22m[2mcheckAnchorTextVariety[2m > [22m[2mshould fail when same anchor text used more than 3 times
[22m[39m[Audit] 31/30 EAVDensity: 1ms
[Audit] 32/30 IntLinkIns: 1ms

[90mstdout[2m | services/ai/contentGeneration/passes/auditChecks.test.ts[2m > [22m[2mcheckAnchorTextVariety[2m > [22m[2mshould fail when same anchor text used more than 3 times
[22m[39m[Audit] 33/30 TemplFormat: 1ms
[Audit] 34/30 TemplCover: 1ms
[Audit] COMPLETE: 1ms total for 35 checks

[90mstdout[2m | services/ai/contentGeneration/passes/auditChecks.test.ts[2m > [22m[2mcheckAnnotationTextQuality[2m > [22m[2mshould pass when links have descriptive surrounding text
[22m[39m[Audit] Starting audit of 193 chars...
[Audit] Pre-computed 2 sentences: 0ms
[Audit] 1/30 Modality: 0ms
[Audit] 2/30 StopWords: 0ms
[Audit] 3/30 SubjectPos: 0ms
[Audit] 4/30 HeadingHier: 0ms

[90mstdout[2m | services/ai/contentGeneration/passes/auditChecks.test.ts[2m > [22m[2mcheckAnnotationTextQuality[2m > [22m[2mshould pass when links have descriptive surrounding text
[22m[39m[Audit] 5/30 GenericHead: 0ms
[Audit] 6/30 PassiveVoice: 0ms
[Audit] 7/30 HeadingEntity: 0ms
[Audit] 8/30 FutureTense: 0ms
[Audit] 9/30 StopWordDens: 0ms

[90mstdout[2m | services/ai/contentGeneration/passes/auditChecks.test.ts[2m > [22m[2mcheckAnnotationTextQuality[2m > [22m[2mshould pass when links have descriptive surrounding text
[22m[39m[Audit] 10/30 ListCount: 0ms
[Audit] 11/30 PronounDens: 0ms
[Audit] 12/30 LinkPos: 0ms
[Audit] 13/30 FirstSent: 0ms
[Audit] 14/30 Centerpiece: 0ms

[90mstdout[2m | services/ai/contentGeneration/passes/auditChecks.test.ts[2m > [22m[2mcheckAnnotationTextQuality[2m > [22m[2mshould pass when links have descriptive surrounding text
[22m[39m[Audit] 15/30 Repetitive: 0ms
[Audit] 16/30 LLMPhrases: 0ms
[Audit] 17/30 PredConsis: 0ms
[Audit] 18/30 Coverage: 0ms
[Audit] 19/30 Vocabulary: 0ms

[90mstdout[2m | services/ai/contentGeneration/passes/auditChecks.test.ts[2m > [22m[2mcheckAnnotationTextQuality[2m > [22m[2mshould pass when links have descriptive surrounding text
[22m[39m[Audit] 20/30 MacroMicro: 0ms
[Audit] 21/30 ExtractSum: 0ms
[Audit] 22/30 QueryFormat: 0ms

[90mstdout[2m | services/ai/contentGeneration/passes/auditChecks.test.ts[2m > [22m[2mcheckAnnotationTextQuality[2m > [22m[2mshould pass when links have descriptive surrounding text
[22m[39m[Audit] 23/30 AnchorVar: 1ms
[Audit] 24/30 AnnotQual: 1ms
[Audit] 25/30 SuppLink: 1ms
[Audit] 26/30 ProseBalance: 1ms
[Audit] 27/30 ListDefSent: 1ms

[90mstdout[2m | services/ai/contentGeneration/passes/auditChecks.test.ts[2m > [22m[2mcheckAnnotationTextQuality[2m > [22m[2mshould pass when links have descriptive surrounding text
[22m[39m[Audit] 28/30 TableApprop: 1ms
[Audit] 29/30 ImagePlace: 1ms
[Audit] 30/30 SentLength: 1ms

[90mstdout[2m | services/ai/contentGeneration/passes/auditChecks.test.ts[2m > [22m[2mcheckAnnotationTextQuality[2m > [22m[2mshould pass when links have descriptive surrounding text
[22m[39m[Audit] 31/30 EAVDensity: 1ms
[Audit] 32/30 IntLinkIns: 1ms

[90mstdout[2m | services/ai/contentGeneration/passes/auditChecks.test.ts[2m > [22m[2mcheckAnnotationTextQuality[2m > [22m[2mshould pass when links have descriptive surrounding text
[22m[39m[Audit] 33/30 TemplFormat: 1ms
[Audit] 34/30 TemplCover: 1ms
[Audit] COMPLETE: 1ms total for 35 checks

[90mstdout[2m | services/ai/contentGeneration/passes/auditChecks.test.ts[2m > [22m[2mcheckAnnotationTextQuality[2m > [22m[2mshould fail when links have generic anchors
[22m[39m[Audit] Starting audit of 113 chars...
[Audit] Pre-computed 2 sentences: 0ms
[Audit] 1/30 Modality: 0ms
[Audit] 2/30 StopWords: 0ms
[Audit] 3/30 SubjectPos: 0ms
[Audit] 4/30 HeadingHier: 0ms

[90mstdout[2m | services/ai/contentGeneration/passes/auditChecks.test.ts[2m > [22m[2mcheckAnnotationTextQuality[2m > [22m[2mshould fail when links have generic anchors
[22m[39m[Audit] 5/30 GenericHead: 0ms
[Audit] 6/30 PassiveVoice: 0ms
[Audit] 7/30 HeadingEntity: 0ms
[Audit] 8/30 FutureTense: 0ms
[Audit] 9/30 StopWordDens: 0ms

[90mstdout[2m | services/ai/contentGeneration/passes/auditChecks.test.ts[2m > [22m[2mcheckAnnotationTextQuality[2m > [22m[2mshould fail when links have generic anchors
[22m[39m[Audit] 10/30 ListCount: 0ms
[Audit] 11/30 PronounDens: 0ms
[Audit] 12/30 LinkPos: 0ms
[Audit] 13/30 FirstSent: 0ms
[Audit] 14/30 Centerpiece: 0ms

[90mstdout[2m | services/ai/contentGeneration/passes/auditChecks.test.ts[2m > [22m[2mcheckAnnotationTextQuality[2m > [22m[2mshould fail when links have generic anchors
[22m[39m[Audit] 15/30 Repetitive: 0ms
[Audit] 16/30 LLMPhrases: 0ms
[Audit] 17/30 PredConsis: 0ms
[Audit] 18/30 Coverage: 0ms
[Audit] 19/30 Vocabulary: 0ms

[90mstdout[2m | services/ai/contentGeneration/passes/auditChecks.test.ts[2m > [22m[2mcheckAnnotationTextQuality[2m > [22m[2mshould fail when links have generic anchors
[22m[39m[Audit] 20/30 MacroMicro: 0ms
[Audit] 21/30 ExtractSum: 0ms
[Audit] 22/30 QueryFormat: 0ms

[90mstdout[2m | services/ai/contentGeneration/passes/auditChecks.test.ts[2m > [22m[2mcheckAnnotationTextQuality[2m > [22m[2mshould fail when links have generic anchors
[22m[39m[Audit] 23/30 AnchorVar: 1ms
[Audit] 24/30 AnnotQual: 1ms
[Audit] 25/30 SuppLink: 1ms
[Audit] 26/30 ProseBalance: 1ms
[Audit] 27/30 ListDefSent: 1ms

[90mstdout[2m | services/ai/contentGeneration/passes/auditChecks.test.ts[2m > [22m[2mcheckAnnotationTextQuality[2m > [22m[2mshould fail when links have generic anchors
[22m[39m[Audit] 28/30 TableApprop: 1ms
[Audit] 29/30 ImagePlace: 1ms
[Audit] 30/30 SentLength: 1ms

[90mstdout[2m | services/ai/contentGeneration/passes/auditChecks.test.ts[2m > [22m[2mcheckAnnotationTextQuality[2m > [22m[2mshould fail when links have generic anchors
[22m[39m[Audit] 31/30 EAVDensity: 1ms
[Audit] 32/30 IntLinkIns: 1ms

[90mstdout[2m | services/ai/contentGeneration/passes/auditChecks.test.ts[2m > [22m[2mcheckAnnotationTextQuality[2m > [22m[2mshould fail when links have generic anchors
[22m[39m[Audit] 33/30 TemplFormat: 1ms
[Audit] 34/30 TemplCover: 1ms
[Audit] COMPLETE: 1ms total for 35 checks

[90mstdout[2m | services/ai/contentGeneration/passes/auditChecks.test.ts[2m > [22m[2mcheckSupplementaryLinkPlacement[2m > [22m[2mshould pass when related links are at the end
[22m[39m[Audit] Starting audit of 222 chars...
[Audit] Pre-computed 1 sentences: 0ms
[Audit] 1/30 Modality: 0ms
[Audit] 2/30 StopWords: 0ms
[Audit] 3/30 SubjectPos: 0ms
[Audit] 4/30 HeadingHier: 0ms

[90mstdout[2m | services/ai/contentGeneration/passes/auditChecks.test.ts[2m > [22m[2mcheckSupplementaryLinkPlacement[2m > [22m[2mshould pass when related links are at the end
[22m[39m[Audit] 5/30 GenericHead: 0ms
[Audit] 6/30 PassiveVoice: 0ms
[Audit] 7/30 HeadingEntity: 0ms
[Audit] 8/30 FutureTense: 0ms
[Audit] 9/30 StopWordDens: 0ms

[90mstdout[2m | services/ai/contentGeneration/passes/auditChecks.test.ts[2m > [22m[2mcheckSupplementaryLinkPlacement[2m > [22m[2mshould pass when related links are at the end
[22m[39m[Audit] 10/30 ListCount: 0ms
[Audit] 11/30 PronounDens: 0ms
[Audit] 12/30 LinkPos: 0ms
[Audit] 13/30 FirstSent: 0ms
[Audit] 14/30 Centerpiece: 0ms

[90mstdout[2m | services/ai/contentGeneration/passes/auditChecks.test.ts[2m > [22m[2mcheckSupplementaryLinkPlacement[2m > [22m[2mshould pass when related links are at the end
[22m[39m[Audit] 15/30 Repetitive: 0ms
[Audit] 16/30 LLMPhrases: 0ms
[Audit] 17/30 PredConsis: 0ms
[Audit] 18/30 Coverage: 0ms
[Audit] 19/30 Vocabulary: 0ms

[90mstdout[2m | services/ai/contentGeneration/passes/auditChecks.test.ts[2m > [22m[2mcheckSupplementaryLinkPlacement[2m > [22m[2mshould pass when related links are at the end
[22m[39m[Audit] 20/30 MacroMicro: 0ms
[Audit] 21/30 ExtractSum: 1ms
[Audit] 22/30 QueryFormat: 1ms

[90mstdout[2m | services/ai/contentGeneration/passes/auditChecks.test.ts[2m > [22m[2mcheckSupplementaryLinkPlacement[2m > [22m[2mshould pass when related links are at the end
[22m[39m[Audit] 23/30 AnchorVar: 1ms
[Audit] 24/30 AnnotQual: 1ms
[Audit] 25/30 SuppLink: 1ms
[Audit] 26/30 ProseBalance: 1ms
[Audit] 27/30 ListDefSent: 1ms

[90mstdout[2m | services/ai/contentGeneration/passes/auditChecks.test.ts[2m > [22m[2mcheckSupplementaryLinkPlacement[2m > [22m[2mshould pass when related links are at the end
[22m[39m[Audit] 28/30 TableApprop: 1ms
[Audit] 29/30 ImagePlace: 1ms
[Audit] 30/30 SentLength: 1ms

[90mstdout[2m | services/ai/contentGeneration/passes/auditChecks.test.ts[2m > [22m[2mcheckSupplementaryLinkPlacement[2m > [22m[2mshould pass when related links are at the end
[22m[39m[Audit] 31/30 EAVDensity: 1ms
[Audit] 32/30 IntLinkIns: 1ms

[90mstdout[2m | services/ai/contentGeneration/passes/auditChecks.test.ts[2m > [22m[2mcheckSupplementaryLinkPlacement[2m > [22m[2mshould pass when related links are at the end
[22m[39m[Audit] 33/30 TemplFormat: 1ms
[Audit] 34/30 TemplCover: 1ms
[Audit] COMPLETE: 1ms total for 35 checks

[90mstdout[2m | services/ai/contentGeneration/passes/auditChecks.test.ts[2m > [22m[2mcheckSupplementaryLinkPlacement[2m > [22m[2mshould fail when many links appear in introduction
[22m[39m[Audit] Starting audit of 194 chars...
[Audit] Pre-computed 1 sentences: 0ms
[Audit] 1/30 Modality: 0ms
[Audit] 2/30 StopWords: 0ms
[Audit] 3/30 SubjectPos: 0ms
[Audit] 4/30 HeadingHier: 0ms

[90mstdout[2m | services/ai/contentGeneration/passes/auditChecks.test.ts[2m > [22m[2mcheckSupplementaryLinkPlacement[2m > [22m[2mshould fail when many links appear in introduction
[22m[39m[Audit] 5/30 GenericHead: 0ms
[Audit] 6/30 PassiveVoice: 0ms
[Audit] 7/30 HeadingEntity: 0ms
[Audit] 8/30 FutureTense: 0ms
[Audit] 9/30 StopWordDens: 0ms

[90mstdout[2m | services/ai/contentGeneration/passes/auditChecks.test.ts[2m > [22m[2mcheckSupplementaryLinkPlacement[2m > [22m[2mshould fail when many links appear in introduction
[22m[39m[Audit] 10/30 ListCount: 0ms
[Audit] 11/30 PronounDens: 0ms
[Audit] 12/30 LinkPos: 0ms
[Audit] 13/30 FirstSent: 0ms
[Audit] 14/30 Centerpiece: 0ms

[90mstdout[2m | services/ai/contentGeneration/passes/auditChecks.test.ts[2m > [22m[2mcheckSupplementaryLinkPlacement[2m > [22m[2mshould fail when many links appear in introduction
[22m[39m[Audit] 15/30 Repetitive: 0ms
[Audit] 16/30 LLMPhrases: 0ms
[Audit] 17/30 PredConsis: 0ms
[Audit] 18/30 Coverage: 0ms
[Audit] 19/30 Vocabulary: 0ms

[90mstdout[2m | services/ai/contentGeneration/passes/auditChecks.test.ts[2m > [22m[2mcheckSupplementaryLinkPlacement[2m > [22m[2mshould fail when many links appear in introduction
[22m[39m[Audit] 20/30 MacroMicro: 0ms
[Audit] 21/30 ExtractSum: 0ms
[Audit] 22/30 QueryFormat: 0ms

[90mstdout[2m | services/ai/contentGeneration/passes/auditChecks.test.ts[2m > [22m[2mcheckSupplementaryLinkPlacement[2m > [22m[2mshould fail when many links appear in introduction
[22m[39m[Audit] 23/30 AnchorVar: 1ms
[Audit] 24/30 AnnotQual: 1ms
[Audit] 25/30 SuppLink: 1ms
[Audit] 26/30 ProseBalance: 1ms
[Audit] 27/30 ListDefSent: 1ms

[90mstdout[2m | services/ai/contentGeneration/passes/auditChecks.test.ts[2m > [22m[2mcheckSupplementaryLinkPlacement[2m > [22m[2mshould fail when many links appear in introduction
[22m[39m[Audit] 28/30 TableApprop: 1ms
[Audit] 29/30 ImagePlace: 1ms
[Audit] 30/30 SentLength: 1ms

[90mstdout[2m | services/ai/contentGeneration/passes/auditChecks.test.ts[2m > [22m[2mcheckSupplementaryLinkPlacement[2m > [22m[2mshould fail when many links appear in introduction
[22m[39m[Audit] 31/30 EAVDensity: 1ms
[Audit] 32/30 IntLinkIns: 1ms

[90mstdout[2m | services/ai/contentGeneration/passes/auditChecks.test.ts[2m > [22m[2mcheckSupplementaryLinkPlacement[2m > [22m[2mshould fail when many links appear in introduction
[22m[39m[Audit] 33/30 TemplFormat: 1ms
[Audit] 34/30 TemplCover: 1ms
[Audit] COMPLETE: 1ms total for 35 checks

[90mstdout[2m | services/ai/contentGeneration/passes/auditChecks.test.ts[2m > [22m[2mcheckSentenceLength[2m > [22m[2mpasses when sentences are short
[22m[39m[Audit] Starting audit of 163 chars...
[Audit] Pre-computed 5 sentences: 0ms
[Audit] 1/30 Modality: 0ms
[Audit] 2/30 StopWords: 0ms
[Audit] 3/30 SubjectPos: 0ms
[Audit] 4/30 HeadingHier: 0ms

[90mstdout[2m | services/ai/contentGeneration/passes/auditChecks.test.ts[2m > [22m[2mcheckSentenceLength[2m > [22m[2mpasses when sentences are short
[22m[39m[Audit] 5/30 GenericHead: 0ms
[Audit] 6/30 PassiveVoice: 0ms
[Audit] 7/30 HeadingEntity: 0ms
[Audit] 8/30 FutureTense: 0ms
[Audit] 9/30 StopWordDens: 0ms

[90mstdout[2m | services/ai/contentGeneration/passes/auditChecks.test.ts[2m > [22m[2mcheckSentenceLength[2m > [22m[2mpasses when sentences are short
[22m[39m[Audit] 10/30 ListCount: 0ms
[Audit] 11/30 PronounDens: 0ms
[Audit] 12/30 LinkPos: 0ms
[Audit] 13/30 FirstSent: 0ms
[Audit] 14/30 Centerpiece: 0ms

[90mstdout[2m | services/ai/contentGeneration/passes/auditChecks.test.ts[2m > [22m[2mcheckSentenceLength[2m > [22m[2mpasses when sentences are short
[22m[39m[Audit] 15/30 Repetitive: 0ms
[Audit] 16/30 LLMPhrases: 0ms
[Audit] 17/30 PredConsis: 0ms
[Audit] 18/30 Coverage: 0ms
[Audit] 19/30 Vocabulary: 0ms

[90mstdout[2m | services/ai/contentGeneration/passes/auditChecks.test.ts[2m > [22m[2mcheckSentenceLength[2m > [22m[2mpasses when sentences are short
[22m[39m[Audit] 20/30 MacroMicro: 0ms
[Audit] 21/30 ExtractSum: 1ms
[Audit] 22/30 QueryFormat: 1ms

[90mstdout[2m | services/ai/contentGeneration/passes/auditChecks.test.ts[2m > [22m[2mcheckSentenceLength[2m > [22m[2mpasses when sentences are short
[22m[39m[Audit] 23/30 AnchorVar: 1ms
[Audit] 24/30 AnnotQual: 1ms
[Audit] 25/30 SuppLink: 1ms
[Audit] 26/30 ProseBalance: 1ms
[Audit] 27/30 ListDefSent: 1ms

[90mstdout[2m | services/ai/contentGeneration/passes/auditChecks.test.ts[2m > [22m[2mcheckSentenceLength[2m > [22m[2mpasses when sentences are short
[22m[39m[Audit] 28/30 TableApprop: 1ms
[Audit] 29/30 ImagePlace: 1ms
[Audit] 30/30 SentLength: 1ms

[90mstdout[2m | services/ai/contentGeneration/passes/auditChecks.test.ts[2m > [22m[2mcheckSentenceLength[2m > [22m[2mpasses when sentences are short
[22m[39m[Audit] 31/30 EAVDensity: 1ms
[Audit] 32/30 IntLinkIns: 1ms

[90mstdout[2m | services/ai/contentGeneration/passes/auditChecks.test.ts[2m > [22m[2mcheckSentenceLength[2m > [22m[2mpasses when sentences are short
[22m[39m[Audit] 33/30 TemplFormat: 1ms
[Audit] 34/30 TemplCover: 1ms
[Audit] COMPLETE: 1ms total for 35 checks

[90mstdout[2m | services/ai/contentGeneration/passes/auditChecks.test.ts[2m > [22m[2mcheckSentenceLength[2m > [22m[2mwarns when some sentences are long
[22m[39m[Audit] Starting audit of 263 chars...
[Audit] Pre-computed 3 sentences: 0ms
[Audit] 1/30 Modality: 0ms
[Audit] 2/30 StopWords: 0ms
[Audit] 3/30 SubjectPos: 0ms
[Audit] 4/30 HeadingHier: 0ms

[90mstdout[2m | services/ai/contentGeneration/passes/auditChecks.test.ts[2m > [22m[2mcheckSentenceLength[2m > [22m[2mwarns when some sentences are long
[22m[39m[Audit] 5/30 GenericHead: 0ms
[Audit] 6/30 PassiveVoice: 0ms
[Audit] 7/30 HeadingEntity: 0ms
[Audit] 8/30 FutureTense: 0ms
[Audit] 9/30 StopWordDens: 0ms

[90mstdout[2m | services/ai/contentGeneration/passes/auditChecks.test.ts[2m > [22m[2mcheckSentenceLength[2m > [22m[2mwarns when some sentences are long
[22m[39m[Audit] 10/30 ListCount: 0ms
[Audit] 11/30 PronounDens: 0ms
[Audit] 12/30 LinkPos: 0ms
[Audit] 13/30 FirstSent: 0ms
[Audit] 14/30 Centerpiece: 0ms

[90mstdout[2m | services/ai/contentGeneration/passes/auditChecks.test.ts[2m > [22m[2mcheckSentenceLength[2m > [22m[2mwarns when some sentences are long
[22m[39m[Audit] 15/30 Repetitive: 0ms
[Audit] 16/30 LLMPhrases: 0ms
[Audit] 17/30 PredConsis: 0ms
[Audit] 18/30 Coverage: 0ms
[Audit] 19/30 Vocabulary: 0ms

[90mstdout[2m | services/ai/contentGeneration/passes/auditChecks.test.ts[2m > [22m[2mcheckSentenceLength[2m > [22m[2mwarns when some sentences are long
[22m[39m[Audit] 20/30 MacroMicro: 1ms
[Audit] 21/30 ExtractSum: 1ms
[Audit] 22/30 QueryFormat: 1ms

[90mstdout[2m | services/ai/contentGeneration/passes/auditChecks.test.ts[2m > [22m[2mcheckSentenceLength[2m > [22m[2mwarns when some sentences are long
[22m[39m[Audit] 23/30 AnchorVar: 1ms
[Audit] 24/30 AnnotQual: 1ms
[Audit] 25/30 SuppLink: 1ms
[Audit] 26/30 ProseBalance: 1ms
[Audit] 27/30 ListDefSent: 1ms

[90mstdout[2m | services/ai/contentGeneration/passes/auditChecks.test.ts[2m > [22m[2mcheckSentenceLength[2m > [22m[2mwarns when some sentences are long
[22m[39m[Audit] 28/30 TableApprop: 1ms
[Audit] 29/30 ImagePlace: 1ms
[Audit] 30/30 SentLength: 1ms

[90mstdout[2m | services/ai/contentGeneration/passes/auditChecks.test.ts[2m > [22m[2mcheckSentenceLength[2m > [22m[2mwarns when some sentences are long
[22m[39m[Audit] 31/30 EAVDensity: 1ms
[Audit] 32/30 IntLinkIns: 1ms

[90mstdout[2m | services/ai/contentGeneration/passes/auditChecks.test.ts[2m > [22m[2mcheckSentenceLength[2m > [22m[2mwarns when some sentences are long
[22m[39m[Audit] 33/30 TemplFormat: 1ms
[Audit] 34/30 TemplCover: 1ms
[Audit] COMPLETE: 1ms total for 35 checks

[90mstdout[2m | services/ai/contentGeneration/passes/auditChecks.test.ts[2m > [22m[2mcheckSentenceLength[2m > [22m[2mfails when too many sentences are long
[22m[39m[Audit] Starting audit of 572 chars...
[Audit] Pre-computed 3 sentences: 0ms
[Audit] 1/30 Modality: 0ms
[Audit] 2/30 StopWords: 0ms
[Audit] 3/30 SubjectPos: 0ms
[Audit] 4/30 HeadingHier: 0ms

[90mstdout[2m | services/ai/contentGeneration/passes/auditChecks.test.ts[2m > [22m[2mcheckSentenceLength[2m > [22m[2mfails when too many sentences are long
[22m[39m[Audit] 5/30 GenericHead: 0ms
[Audit] 6/30 PassiveVoice: 0ms
[Audit] 7/30 HeadingEntity: 0ms
[Audit] 8/30 FutureTense: 0ms
[Audit] 9/30 StopWordDens: 0ms

[90mstdout[2m | services/ai/contentGeneration/passes/auditChecks.test.ts[2m > [22m[2mcheckSentenceLength[2m > [22m[2mfails when too many sentences are long
[22m[39m[Audit] 10/30 ListCount: 0ms
[Audit] 11/30 PronounDens: 0ms
[Audit] 12/30 LinkPos: 0ms
[Audit] 13/30 FirstSent: 0ms
[Audit] 14/30 Centerpiece: 0ms

[90mstdout[2m | services/ai/contentGeneration/passes/auditChecks.test.ts[2m > [22m[2mcheckSentenceLength[2m > [22m[2mfails when too many sentences are long
[22m[39m[Audit] 15/30 Repetitive: 0ms
[Audit] 16/30 LLMPhrases: 0ms
[Audit] 17/30 PredConsis: 0ms
[Audit] 18/30 Coverage: 0ms
[Audit] 19/30 Vocabulary: 1ms

[90mstdout[2m | services/ai/contentGeneration/passes/auditChecks.test.ts[2m > [22m[2mcheckSentenceLength[2m > [22m[2mfails when too many sentences are long
[22m[39m[Audit] 20/30 MacroMicro: 1ms
[Audit] 21/30 ExtractSum: 1ms
[Audit] 22/30 QueryFormat: 1ms

[90mstdout[2m | services/ai/contentGeneration/passes/auditChecks.test.ts[2m > [22m[2mcheckSentenceLength[2m > [22m[2mfails when too many sentences are long
[22m[39m[Audit] 23/30 AnchorVar: 1ms
[Audit] 24/30 AnnotQual: 1ms
[Audit] 25/30 SuppLink: 1ms
[Audit] 26/30 ProseBalance: 1ms
[Audit] 27/30 ListDefSent: 1ms

[90mstdout[2m | services/ai/contentGeneration/passes/auditChecks.test.ts[2m > [22m[2mcheckSentenceLength[2m > [22m[2mfails when too many sentences are long
[22m[39m[Audit] 28/30 TableApprop: 1ms
[Audit] 29/30 ImagePlace: 1ms
[Audit] 30/30 SentLength: 1ms

[90mstdout[2m | services/ai/contentGeneration/passes/auditChecks.test.ts[2m > [22m[2mcheckSentenceLength[2m > [22m[2mfails when too many sentences are long
[22m[39m[Audit] 31/30 EAVDensity: 1ms
[Audit] 32/30 IntLinkIns: 1ms

[90mstdout[2m | services/ai/contentGeneration/passes/auditChecks.test.ts[2m > [22m[2mcheckSentenceLength[2m > [22m[2mfails when too many sentences are long
[22m[39m[Audit] 33/30 TemplFormat: 1ms
[Audit] 34/30 TemplCover: 1ms
[Audit] COMPLETE: 1ms total for 35 checks

[90mstdout[2m | services/ai/contentGeneration/passes/auditChecks.test.ts[2m > [22m[2mcheckEavDensity[2m > [22m[2mpasses with high pattern density when EAVs are not provided
[22m[39m[Audit] Starting audit of 470 chars...
[Audit] Pre-computed 7 sentences: 0ms
[Audit] 1/30 Modality: 0ms
[Audit] 2/30 StopWords: 0ms
[Audit] 3/30 SubjectPos: 0ms
[Audit] 4/30 HeadingHier: 0ms

[90mstdout[2m | services/ai/contentGeneration/passes/auditChecks.test.ts[2m > [22m[2mcheckEavDensity[2m > [22m[2mpasses with high pattern density when EAVs are not provided
[22m[39m[Audit] 5/30 GenericHead: 0ms
[Audit] 6/30 PassiveVoice: 0ms
[Audit] 7/30 HeadingEntity: 0ms
[Audit] 8/30 FutureTense: 0ms
[Audit] 9/30 StopWordDens: 0ms

[90mstdout[2m | services/ai/contentGeneration/passes/auditChecks.test.ts[2m > [22m[2mcheckEavDensity[2m > [22m[2mpasses with high pattern density when EAVs are not provided
[22m[39m[Audit] 10/30 ListCount: 0ms
[Audit] 11/30 PronounDens: 0ms
[Audit] 12/30 LinkPos: 0ms
[Audit] 13/30 FirstSent: 0ms
[Audit] 14/30 Centerpiece: 0ms

[90mstdout[2m | services/ai/contentGeneration/passes/auditChecks.test.ts[2m > [22m[2mcheckEavDensity[2m > [22m[2mpasses with high pattern density when EAVs are not provided
[22m[39m[Audit] 15/30 Repetitive: 0ms
[Audit] 16/30 LLMPhrases: 0ms
[Audit] 17/30 PredConsis: 0ms
[Audit] 18/30 Coverage: 1ms
[Audit] 19/30 Vocabulary: 1ms

[90mstdout[2m | services/ai/contentGeneration/passes/auditChecks.test.ts[2m > [22m[2mcheckEavDensity[2m > [22m[2mpasses with high pattern density when EAVs are not provided
[22m[39m[Audit] 20/30 MacroMicro: 1ms
[Audit] 21/30 ExtractSum: 1ms
[Audit] 22/30 QueryFormat: 1ms

[90mstdout[2m | services/ai/contentGeneration/passes/auditChecks.test.ts[2m > [22m[2mcheckEavDensity[2m > [22m[2mpasses with high pattern density when EAVs are not provided
[22m[39m[Audit] 23/30 AnchorVar: 1ms
[Audit] 24/30 AnnotQual: 1ms
[Audit] 25/30 SuppLink: 1ms
[Audit] 26/30 ProseBalance: 1ms
[Audit] 27/30 ListDefSent: 1ms

[90mstdout[2m | services/ai/contentGeneration/passes/auditChecks.test.ts[2m > [22m[2mcheckEavDensity[2m > [22m[2mpasses with high pattern density when EAVs are not provided
[22m[39m[Audit] 28/30 TableApprop: 1ms
[Audit] 29/30 ImagePlace: 1ms
[Audit] 30/30 SentLength: 1ms

[90mstdout[2m | services/ai/contentGeneration/passes/auditChecks.test.ts[2m > [22m[2mcheckEavDensity[2m > [22m[2mpasses with high pattern density when EAVs are not provided
[22m[39m[Audit] 31/30 EAVDensity: 1ms
[Audit] 32/30 IntLinkIns: 1ms

[90mstdout[2m | services/ai/contentGeneration/passes/auditChecks.test.ts[2m > [22m[2mcheckEavDensity[2m > [22m[2mpasses with high pattern density when EAVs are not provided
[22m[39m[Audit] 33/30 TemplFormat: 1ms
[Audit] 34/30 TemplCover: 1ms
[Audit] COMPLETE: 1ms total for 35 checks

[90mstdout[2m | services/ai/contentGeneration/passes/auditChecks.test.ts[2m > [22m[2mcheckEavDensity[2m > [22m[2mwarns when EAV density is moderate
[22m[39m[Audit] Starting audit of 357 chars...
[Audit] Pre-computed 8 sentences: 0ms
[Audit] 1/30 Modality: 0ms
[Audit] 2/30 StopWords: 0ms
[Audit] 3/30 SubjectPos: 0ms
[Audit] 4/30 HeadingHier: 0ms

[90mstdout[2m | services/ai/contentGeneration/passes/auditChecks.test.ts[2m > [22m[2mcheckEavDensity[2m > [22m[2mwarns when EAV density is moderate
[22m[39m[Audit] 5/30 GenericHead: 0ms
[Audit] 6/30 PassiveVoice: 0ms
[Audit] 7/30 HeadingEntity: 0ms
[Audit] 8/30 FutureTense: 0ms
[Audit] 9/30 StopWordDens: 0ms

[90mstdout[2m | services/ai/contentGeneration/passes/auditChecks.test.ts[2m > [22m[2mcheckEavDensity[2m > [22m[2mwarns when EAV density is moderate
[22m[39m[Audit] 10/30 ListCount: 0ms
[Audit] 11/30 PronounDens: 0ms
[Audit] 12/30 LinkPos: 0ms
[Audit] 13/30 FirstSent: 0ms
[Audit] 14/30 Centerpiece: 0ms

[90mstdout[2m | services/ai/contentGeneration/passes/auditChecks.test.ts[2m > [22m[2mcheckEavDensity[2m > [22m[2mwarns when EAV density is moderate
[22m[39m[Audit] 15/30 Repetitive: 0ms
[Audit] 16/30 LLMPhrases: 0ms
[Audit] 17/30 PredConsis: 0ms
[Audit] 18/30 Coverage: 1ms
[Audit] 19/30 Vocabulary: 1ms

[90mstdout[2m | services/ai/contentGeneration/passes/auditChecks.test.ts[2m > [22m[2mcheckEavDensity[2m > [22m[2mwarns when EAV density is moderate
[22m[39m[Audit] 20/30 MacroMicro: 1ms
[Audit] 21/30 ExtractSum: 1ms
[Audit] 22/30 QueryFormat: 1ms

[90mstdout[2m | services/ai/contentGeneration/passes/auditChecks.test.ts[2m > [22m[2mcheckEavDensity[2m > [22m[2mwarns when EAV density is moderate
[22m[39m[Audit] 23/30 AnchorVar: 1ms
[Audit] 24/30 AnnotQual: 1ms
[Audit] 25/30 SuppLink: 1ms
[Audit] 26/30 ProseBalance: 1ms
[Audit] 27/30 ListDefSent: 1ms

[90mstdout[2m | services/ai/contentGeneration/passes/auditChecks.test.ts[2m > [22m[2mcheckEavDensity[2m > [22m[2mwarns when EAV density is moderate
[22m[39m[Audit] 28/30 TableApprop: 1ms
[Audit] 29/30 ImagePlace: 1ms
[Audit] 30/30 SentLength: 1ms

[90mstdout[2m | services/ai/contentGeneration/passes/auditChecks.test.ts[2m > [22m[2mcheckEavDensity[2m > [22m[2mwarns when EAV density is moderate
[22m[39m[Audit] 31/30 EAVDensity: 1ms
[Audit] 32/30 IntLinkIns: 1ms

[90mstdout[2m | services/ai/contentGeneration/passes/auditChecks.test.ts[2m > [22m[2mcheckEavDensity[2m > [22m[2mwarns when EAV density is moderate
[22m[39m[Audit] 33/30 TemplFormat: 1ms
[Audit] 34/30 TemplCover: 1ms
[Audit] COMPLETE: 1ms total for 35 checks

[90mstdout[2m | services/ai/contentGeneration/passes/auditChecks.test.ts[2m > [22m[2mcheckEavDensity[2m > [22m[2mfails when content lacks EAV patterns
[22m[39m[Audit] Starting audit of 321 chars...
[Audit] Pre-computed 10 sentences: 0ms
[Audit] 1/30 Modality: 0ms
[Audit] 2/30 StopWords: 0ms
[Audit] 3/30 SubjectPos: 0ms
[Audit] 4/30 HeadingHier: 0ms

[90mstdout[2m | services/ai/contentGeneration/passes/auditChecks.test.ts[2m > [22m[2mcheckEavDensity[2m > [22m[2mfails when content lacks EAV patterns
[22m[39m[Audit] 5/30 GenericHead: 0ms
[Audit] 6/30 PassiveVoice: 0ms
[Audit] 7/30 HeadingEntity: 0ms
[Audit] 8/30 FutureTense: 0ms
[Audit] 9/30 StopWordDens: 0ms

[90mstdout[2m | services/ai/contentGeneration/passes/auditChecks.test.ts[2m > [22m[2mcheckEavDensity[2m > [22m[2mfails when content lacks EAV patterns
[22m[39m[Audit] 10/30 ListCount: 0ms
[Audit] 11/30 PronounDens: 0ms
[Audit] 12/30 LinkPos: 0ms
[Audit] 13/30 FirstSent: 0ms
[Audit] 14/30 Centerpiece: 0ms

[90mstdout[2m | services/ai/contentGeneration/passes/auditChecks.test.ts[2m > [22m[2mcheckEavDensity[2m > [22m[2mfails when content lacks EAV patterns
[22m[39m[Audit] 15/30 Repetitive: 0ms
[Audit] 16/30 LLMPhrases: 0ms
[Audit] 17/30 PredConsis: 0ms
[Audit] 18/30 Coverage: 1ms
[Audit] 19/30 Vocabulary: 1ms

[90mstdout[2m | services/ai/contentGeneration/passes/auditChecks.test.ts[2m > [22m[2mcheckEavDensity[2m > [22m[2mfails when content lacks EAV patterns
[22m[39m[Audit] 20/30 MacroMicro: 1ms
[Audit] 21/30 ExtractSum: 1ms
[Audit] 22/30 QueryFormat: 1ms

[90mstdout[2m | services/ai/contentGeneration/passes/auditChecks.test.ts[2m > [22m[2mcheckEavDensity[2m > [22m[2mfails when content lacks EAV patterns
[22m[39m[Audit] 23/30 AnchorVar: 1ms
[Audit] 24/30 AnnotQual: 1ms
[Audit] 25/30 SuppLink: 1ms
[Audit] 26/30 ProseBalance: 1ms
[Audit] 27/30 ListDefSent: 1ms

[90mstdout[2m | services/ai/contentGeneration/passes/auditChecks.test.ts[2m > [22m[2mcheckEavDensity[2m > [22m[2mfails when content lacks EAV patterns
[22m[39m[Audit] 28/30 TableApprop: 1ms
[Audit] 29/30 ImagePlace: 1ms
[Audit] 30/30 SentLength: 1ms

[90mstdout[2m | services/ai/contentGeneration/passes/auditChecks.test.ts[2m > [22m[2mcheckEavDensity[2m > [22m[2mfails when content lacks EAV patterns
[22m[39m[Audit] 31/30 EAVDensity: 1ms
[Audit] 32/30 IntLinkIns: 1ms

[90mstdout[2m | services/ai/contentGeneration/passes/auditChecks.test.ts[2m > [22m[2mcheckEavDensity[2m > [22m[2mfails when content lacks EAV patterns
[22m[39m[Audit] 33/30 TemplFormat: 1ms
[Audit] 34/30 TemplCover: 1ms
[Audit] COMPLETE: 1ms total for 35 checks

[90mstdout[2m | services/ai/contentGeneration/passes/auditChecks.test.ts[2m > [22m[2mcheckEavDensity[2m > [22m[2muses term density when EAVs are provided
[22m[39m[Audit] Starting audit of 352 chars...
[Audit] Pre-computed 5 sentences: 0ms
[Audit] 1/30 Modality: 0ms
[Audit] 2/30 StopWords: 0ms
[Audit] 3/30 SubjectPos: 0ms
[Audit] 4/30 HeadingHier: 0ms

[90mstdout[2m | services/ai/contentGeneration/passes/auditChecks.test.ts[2m > [22m[2mcheckEavDensity[2m > [22m[2muses term density when EAVs are provided
[22m[39m[Audit] 5/30 GenericHead: 0ms
[Audit] 6/30 PassiveVoice: 0ms
[Audit] 7/30 HeadingEntity: 0ms
[Audit] 8/30 FutureTense: 0ms
[Audit] 9/30 StopWordDens: 1ms

[90mstdout[2m | services/ai/contentGeneration/passes/auditChecks.test.ts[2m > [22m[2mcheckEavDensity[2m > [22m[2muses term density when EAVs are provided
[22m[39m[Audit] 10/30 ListCount: 1ms
[Audit] 11/30 PronounDens: 1ms
[Audit] 12/30 LinkPos: 1ms
[Audit] 13/30 FirstSent: 1ms
[Audit] 14/30 Centerpiece: 1ms

[90mstdout[2m | services/ai/contentGeneration/passes/auditChecks.test.ts[2m > [22m[2mcheckEavDensity[2m > [22m[2muses term density when EAVs are provided
[22m[39m[Audit] 15/30 Repetitive: 1ms
[Audit] 16/30 LLMPhrases: 1ms
[Audit] 17/30 PredConsis: 1ms
[Audit] 18/30 Coverage: 1ms
[Audit] 19/30 Vocabulary: 1ms

[90mstdout[2m | services/ai/contentGeneration/passes/auditChecks.test.ts[2m > [22m[2mcheckEavDensity[2m > [22m[2muses term density when EAVs are provided
[22m[39m[Audit] 20/30 MacroMicro: 1ms
[Audit] 21/30 ExtractSum: 1ms
[Audit] 22/30 QueryFormat: 1ms

[90mstdout[2m | services/ai/contentGeneration/passes/auditChecks.test.ts[2m > [22m[2mcheckEavDensity[2m > [22m[2muses term density when EAVs are provided
[22m[39m[Audit] 23/30 AnchorVar: 1ms
[Audit] 24/30 AnnotQual: 1ms
[Audit] 25/30 SuppLink: 1ms
[Audit] 26/30 ProseBalance: 1ms
[Audit] 27/30 ListDefSent: 1ms

[90mstdout[2m | services/ai/contentGeneration/passes/auditChecks.test.ts[2m > [22m[2mcheckEavDensity[2m > [22m[2muses term density when EAVs are provided
[22m[39m[Audit] 28/30 TableApprop: 1ms
[Audit] 29/30 ImagePlace: 1ms
[Audit] 30/30 SentLength: 1ms

[90mstdout[2m | services/ai/contentGeneration/passes/auditChecks.test.ts[2m > [22m[2mcheckEavDensity[2m > [22m[2muses term density when EAVs are provided
[22m[39m[Audit] 31/30 EAVDensity: 1ms
[Audit] 32/30 IntLinkIns: 2ms

[90mstdout[2m | services/ai/contentGeneration/passes/auditChecks.test.ts[2m > [22m[2mcheckEavDensity[2m > [22m[2muses term density when EAVs are provided
[22m[39m[Audit] 33/30 TemplFormat: 2ms
[Audit] 34/30 TemplCover: 2ms
[Audit] COMPLETE: 2ms total for 35 checks

 [32mÔ£ô[39m services/ai/contentGeneration/passes/auditChecks.test.ts [2m([22m[2m30 tests[22m[2m)[22m[32m 61[2mms[22m[39m
 [32mÔ£ô[39m services/ai/contentGeneration/rulesEngine/validators/__tests__/wordCountValidator.test.ts [2m([22m[2m26 tests[22m[2m)[22m[32m 11[2mms[22m[39m
 [32mÔ£ô[39m services/__tests__/jinaService.test.ts [2m([22m[2m3 tests[22m[2m)[22m[33m 1124[2mms[22m[39m
       [33m[2mÔ£ô[22m[39m retries on 5xx errors [33m 1007[2mms[22m[39m
 [32mÔ£ô[39m utils/__tests__/sentenceTokenizer.test.ts [2m([22m[2m41 tests[22m[2m)[22m[32m 14[2mms[22m[39m
 [32mÔ£ô[39m services/__tests__/templateAnalyticsService.test.ts [2m([22m[2m12 tests[22m[2m)[22m[32m 12[2mms[22m[39m
 [32mÔ£ô[39m services/ai/contentGeneration/rulesEngine/validators/__tests__/crossPageEavValidator.test.ts [2m([22m[2m14 tests[22m[2m)[22m[32m 12[2mms[22m[39m
 [32mÔ£ô[39m services/__tests__/templateVersioningService.test.ts [2m([22m[2m11 tests[22m[2m)[22m[32m 12[2mms[22m[39m
 [32mÔ£ô[39m services/ai/contentGeneration/rulesEngine/validators/__tests__/linkSemanticValidator.test.ts [2m([22m[2m32 tests[22m[2m)[22m[32m 11[2mms[22m[39m
 [32mÔ£ô[39m config/__tests__/contentTemplates.test.ts [2m([22m[2m16 tests[22m[2m)[22m[32m 10[2mms[22m[39m
 [32mÔ£ô[39m services/ai/contentGeneration/tracking/__tests__/conflictDetector.test.ts [2m([22m[2m27 tests[22m[2m)[22m[32m 10[2mms[22m[39m
 [32mÔ£ô[39m services/ai/contentGeneration/rulesEngine/validators/__tests__/crossSectionRepetitionValidator.test.ts [2m([22m[2m13 tests[22m[2m)[22m[32m 10[2mms[22m[39m
 [32mÔ£ô[39m services/ai/contentGeneration/tracking/__tests__/ruleSnapshotService.test.ts [2m([22m[2m23 tests[22m[2m)[22m[32m 10[2mms[22m[39m
 [32mÔ£ô[39m services/publishing/architect/__tests__/coherenceEngine.test.ts [2m([22m[2m18 tests[22m[2m)[22m[32m 10[2mms[22m[39m
 [32mÔ£ô[39m services/ai/contentGeneration/rulesEngine/validators/__tests__/languageOutputValidator.test.ts [2m([22m[2m17 tests[22m[2m)[22m[32m 7[2mms[22m[39m
 [32mÔ£ô[39m services/__tests__/pageExtractionService.test.ts [2m([22m[2m15 tests[22m[2m)[22m[32m 9[2mms[22m[39m
 [32mÔ£ô[39m services/ai/contentGeneration/rulesEngine/validators/__tests__/listStructureValidator.test.ts [2m([22m[2m27 tests[22m[2m)[22m[32m 9[2mms[22m[39m
 [32mÔ£ô[39m services/ai/contentGeneration/rulesEngine/validators/__tests__/discourseChainingValidator.test.ts [2m([22m[2m22 tests[22m[2m)[22m[32m 8[2mms[22m[39m
 [32mÔ£ô[39m services/ai/contentGeneration/rulesEngine/validators/__tests__/prohibitedLanguage.test.ts [2m([22m[2m5 tests[22m[2m)[22m[32m 8[2mms[22m[39m
 [32mÔ£ô[39m services/__tests__/briefComplianceService.test.ts [2m([22m[2m18 tests[22m[2m)[22m[32m 8[2mms[22m[39m
 [32mÔ£ô[39m services/ai/contentGeneration/rulesEngine/validators/__tests__/contextualBridgeValidator.test.ts [2m([22m[2m19 tests[22m[2m)[22m[32m 8[2mms[22m[39m
 [32mÔ£ô[39m services/ai/schemaGeneration/__tests__/schemaValidator.test.ts [2m([22m[2m14 tests[22m[2m)[22m[32m 7[2mms[22m[39m
 [32mÔ£ô[39m services/ai/contentGeneration/rulesEngine/validators/__tests__/eavPlacementValidator.test.ts [2m([22m[2m19 tests[22m[2m)[22m[32m 7[2mms[22m[39m
 [32mÔ£ô[39m services/ai/contentGeneration/validators/__tests__/zoneValidator.test.ts [2m([22m[2m12 tests[22m[2m)[22m[32m 7[2mms[22m[39m
 [32mÔ£ô[39m services/ai/contentGeneration/rulesEngine/validators/__tests__/pillarAlignmentValidator.test.ts [2m([22m[2m14 tests[22m[2m)[22m[32m 7[2mms[22m[39m
 [32mÔ£ô[39m services/ai/contentGeneration/__tests__/autoTemplateSelector.test.ts [2m([22m[2m9 tests[22m[2m)[22m[32m 7[2mms[22m[39m
 [32mÔ£ô[39m services/ai/contentGeneration/__tests__/templateRouter.test.ts [2m([22m[2m18 tests[22m[2m)[22m[32m 8[2mms[22m[39m
 [32mÔ£ô[39m services/ai/contentGeneration/rulesEngine/prompts/__tests__/sectionPromptBuilder.test.ts [2m([22m[2m11 tests[22m[2m)[22m[32m 7[2mms[22m[39m
 [32mÔ£ô[39m services/ai/contentGeneration/__tests__/conflictResolver.test.ts [2m([22m[2m8 tests[22m[2m)[22m[32m 6[2mms[22m[39m
 [32mÔ£ô[39m services/ai/contentGeneration/__tests__/competitorTemplateAnalyzer.test.ts [2m([22m[2m12 tests[22m[2m)[22m[32m 8[2mms[22m[39m
 [32mÔ£ô[39m services/__tests__/scrapingProviderRouter.test.ts [2m([22m[2m11 tests[22m[2m)[22m[32m 5[2mms[22m[39m
 [32mÔ£ô[39m services/publishing/architect/__tests__/componentSelector.test.ts [2m([22m[2m13 tests[22m[2m)[22m[32m 6[2mms[22m[39m
 [32mÔ£ô[39m services/__tests__/contentGenerationSettingsService.test.ts [2m([22m[2m13 tests[22m[2m)[22m[32m 10[2mms[22m[39m
 [32mÔ£ô[39m services/ai/contentGeneration/rulesEngine/__tests__/briefCodeParser.test.ts [2m([22m[2m8 tests[22m[2m)[22m[32m 5[2mms[22m[39m
 [32mÔ£ô[39m services/ai/contentGeneration/rulesEngine/validators/__tests__/eavPerSentenceValidator.test.ts [2m([22m[2m6 tests[22m[2m)[22m[32m 3[2mms[22m[39m
 [32mÔ£ô[39m services/ai/contentGeneration/rulesEngine/validators/__tests__/centerpieceValidator.test.ts [2m([22m[2m6 tests[22m[2m)[22m[32m 5[2mms[22m[39m
 [32mÔ£ô[39m services/ai/contentGeneration/rulesEngine/__tests__/attributeRanker.test.ts [2m([22m[2m8 tests[22m[2m)[22m[32m 3[2mms[22m[39m
 [32mÔ£ô[39m services/ai/contentGeneration/rulesEngine/validators/__tests__/ymylValidator.test.ts [2m([22m[2m3 tests[22m[2m)[22m[32m 5[2mms[22m[39m
 [32mÔ£ô[39m services/ai/contextualEditing/__tests__/contextAnalyzer.test.ts [2m([22m[2m4 tests[22m[2m)[22m[32m 4[2mms[22m[39m
 [32mÔ£ô[39m services/__tests__/briefTemplateSync.test.ts [2m([22m[2m3 tests[22m[2m)[22m[32m 3[2mms[22m[39m
 [32mÔ£ô[39m services/ai/contentGeneration/rulesEngine/validators/__tests__/formatCodeValidator.test.ts [2m([22m[2m4 tests[22m[2m)[22m[32m 3[2mms[22m[39m
 [32mÔ£ô[39m services/ai/contentGeneration/__tests__/depthAnalyzer.test.ts [2m([22m[2m7 tests[22m[2m)[22m[32m 3[2mms[22m[39m
 [32mÔ£ô[39m services/ai/contentGeneration/rulesEngine/validators/__tests__/structureValidator.test.ts [2m([22m[2m2 tests[22m[2m)[22m[32m 3[2mms[22m[39m
 [32mÔ£ô[39m services/ai/contentGeneration/rulesEngine/validators/__tests__/modalityValidator.test.ts [2m([22m[2m3 tests[22m[2m)[22m[32m 2[2mms[22m[39m
 [32mÔ£ô[39m services/ai/contextualEditing/__tests__/integration.test.ts [2m([22m[2m12 tests[22m[2m)[22m[32m 6[2mms[22m[39m
 [32mÔ£ô[39m services/ai/contentGeneration/rulesEngine/__tests__/contextChainer.test.ts [2m([22m[2m8 tests[22m[2m)[22m[32m 3[2mms[22m[39m
 [32mÔ£ô[39m services/ai/contentGeneration/rulesEngine/validators/__tests__/attributeOrderingValidator.test.ts [2m([22m[2m5 tests[22m[2m)[22m[32m 2[2mms[22m[39m
 [32mÔ£ô[39m config/contentPrompts/__tests__/sectionPrompt.test.ts [2m([22m[2m5 tests[22m[2m)[22m[32m 2[2mms[22m[39m
 [32mÔ£ô[39m services/ai/contextualEditing/__tests__/analysisForConfirmation.test.ts [2m([22m[2m29 tests[22m[2m)[22m[32m 4[2mms[22m[39m
 [32mÔ£ô[39m services/ai/contextualEditing/__tests__/imagePromptGenerator.test.ts [2m([22m[2m15 tests[22m[2m)[22m[32m 3[2mms[22m[39m
 [32mÔ£ô[39m services/ai/contextualEditing/__tests__/textRewriter.test.ts [2m([22m[2m7 tests[22m[2m)[22m[32m 2[2mms[22m[39m

[2m Test Files [22m [1m[31m4 failed[39m[22m[2m | [22m[1m[32m71 passed[39m[22m[90m (75)[39m
[2m      Tests [22m [1m[31m10 failed[39m[22m[2m | [22m[1m[32m1280 passed[39m[22m[90m (1290)[39m
[2m   Start at [22m 09:57:45
[2m   Duration [22m 4.58s[2m (transform 8.46s, setup 6.93s, import 13.38s, tests 6.43s, environment 67.74s)[22m

